syntax: 356
relation-title-source: 0
relation-title-latex: 218
rulegroup-prose-else: 2
rulegroup-source: 0
rulegroup-latex: 581
func-title-source: 0
func-title-latex: 7
func-source: 0
func-latex: 61
table-source: 0
table-latex: 0
stem-active: false
mathjax-3.2.2: true
mathjax-2.7.9: false
mathjax-lazy: true
mathjax-html-loader: true
mathjax-mathtools-loader: true
mathjax-color-loader: true
mathjax-textmacros-loader: true
mathjax-html-package: true
mathjax-mathtools-package: true
mathjax-color-package: true
mathjax-textmacros-package: true
mathjax-color-padding: true
mathjax-color-border: true
lazy-margin-300px: true
