Running simulation test (ebpf) on 17 files


>>> Running simulation test (ebpf) on ../../../../p4c/testdata/p4_16_samples/action_call_ebpf.p4 with packet input ../../../../p4c/testdata/p4_16_samples/action_call_ebpf.stf
[PASS] Transmitted (0) 0000000000000000000000000000000000000000ABCDEF01
[PASS] Transmitted (0) 001B17000130B88198B7AEB70800450000344A6F4000400653920A0198453212C86ACF2C01BBD0FA585C4CCCB2AC80100353C31400000101080A0192463911A0C06F
[PASS] Transmitted (0) 000000000000000000000000000000000000000000010000
[PASS] Transmitted (0) 000000000000000000000000000000000000000000011000
[PASS] Transmitted (0) 001B17000130B88198B7AEB70800450000344A6F4000400653920A0198453212C86ACF2C01BBD0FA585C4CCCB2AC80100353C31400000101080A0192463911A0C06E
Run success: ../../../../p4c/testdata/p4_16_samples/action_call_ebpf.stf

>>> Running simulation test (ebpf) on ../../../../p4c/testdata/p4_16_samples/action_call_table_ebpf.p4 with packet input ../../../../patches/ebpf/action_call_table_ebpf.stf
[PASS] Transmitted (0) 0000000000000000000000000000000000000000ABCDEF01
[PASS] Transmitted (0) 001B17000130B88198B7AEB70800450000344A6F4000400653920A0198453212C86ACF2C01BBD0FA585C4CCCB2AC80100353C31400000101080A0192463911A0C06F
[PASS] Transmitted (1) 000000000000000000000000000000000000000000010000
[PASS] Transmitted (0) 000000000000000000000000000000000000000000011000
[PASS] Transmitted (1) 001B17000130B88198B7AEB70800450000344A6F4000400653920A0198453212C86ACF2C01BBD0FA585C4CCCB2AC80100353C31400000101080A0192463911A0C06E
Run success: ../../../../patches/ebpf/action_call_table_ebpf.stf

>>> Running simulation test (ebpf) on ../../../../p4c/testdata/p4_16_samples/advance_ebpf.p4 with packet input ../../../../p4c/testdata/p4_16_samples/advance_ebpf.stf
[PASS] Transmitted (0) 000000000000000000000000000000000001
Run success: ../../../../p4c/testdata/p4_16_samples/advance_ebpf.stf

>>> Running simulation test (ebpf) on ../../../../p4c/testdata/p4_16_samples/count_ebpf.p4 with packet input ../../../../p4c/testdata/p4_16_samples/count_ebpf.stf
[PASS] Transmitted (0) 001B17000130B88198B7AEB70800450000344A6F4000400653920A0198453212C86ACF2C01BBD0FA585C4CCCB2AC80100353C31400000101080A0192463911A0C06F
[PASS] Transmitted (0) 001B17000130B88198B7AEB70800450000344A6F4000400653920A0198453212C86ACF2C01BBD0FA585C4CCCB2AC80100353C31400000101080A0192463911A0C06E
Run success: ../../../../p4c/testdata/p4_16_samples/count_ebpf.stf

>>> Running simulation test (ebpf) on ../../../../p4c/testdata/p4_16_samples/ebpf_checksum_extern.p4 with packet input ../../../../p4c/testdata/p4_16_samples/ebpf_checksum_extern.stf
Error on run: ../../../../p4c/testdata/p4_16_samples/ebpf_checksum_extern.stf
relation EBPF_filter failed
│ ··· omitting 34 traces ···
../../../../spec-concrete/8-dynamic/8.03.1-eval-expression.watsup:536.20-536.37
Group callExpressionIR: p EC ARCH |- (((callableTargetIR < (typeArgumentIR)* >( (argumentIR)* )) as expressionIR) # expressionNoteIR) : % % % failed
└── ../../../../spec-concrete/8-dynamic/8.03.1-eval-expression.watsup:543.38-543.49
    Case analysis on calleeResult failed
    └── ../../../../spec-concrete/8-dynamic/8.03.1-eval-expression.watsup:551.8-553.49
        (Call_eval: p EC_1 ARCH_1 |- callee @< (typeArgumentIR)* >( (argumentIR)* ): EC_2 ARCH_2 callResult) failed
        └── ../../../../spec-concrete/8-dynamic/8.03.1-eval-expression.watsup:551.8-551.17
            relation Call_eval failed
            └── ../../../../spec-concrete/8-dynamic/8.10.4-eval-call.watsup:355.22-355.42
                Case analysis on callee failed
                └── ../../../../spec-concrete/8-dynamic/8.10.4-eval-call.watsup:352.20-352.41
                    Group externFunctionCallee: p EC_0 ARCH_0 |- (externFunctionCallee as callee) @< (typeArgumentIR)* >( (argumentIR)* ): % % % failed
                    └── ../../../../spec-concrete/8-dynamic/8.10.4-eval-call.watsup:377.39-377.50
                        Case analysis on copyInResult failed
                        └── ../../../../spec-concrete/8-dynamic/8.10.4-eval-call.watsup:411.8-415.16
                            (Copy_out: p_shared ARCH_2 |- p EC_1 (parameterIR_aligned)* @ (local) EC_callee_4 ((storageReference)?)* ~> EC_2) failed
                            └── ../../../../spec-concrete/8-dynamic/8.10.4-eval-call.watsup:412.18-412.24
                                ARCH_2 failed
                                └── ../../../../spec-concrete/8-dynamic/8.10.4-eval-call.watsup:412.18-412.24
                                    value `ARCH_2` is undefined


>>> Running simulation test (ebpf) on ../../../../p4c/testdata/p4_16_samples/ebpf_conntrack_extern.p4 with packet input ../../../../p4c/testdata/p4_16_samples/ebpf_conntrack_extern.stf
Error on run: ../../../../p4c/testdata/p4_16_samples/ebpf_conntrack_extern.stf
relation EBPF_filter failed
│ ··· omitting 60 traces ···
../../../../spec-concrete/8-dynamic/8.03.1-eval-expression.watsup:536.20-536.37
Group callExpressionIR: p EC ARCH |- (((callableTargetIR < (typeArgumentIR)* >( (argumentIR)* )) as expressionIR) # expressionNoteIR) : % % % failed
└── ../../../../spec-concrete/8-dynamic/8.03.1-eval-expression.watsup:543.38-543.49
    Case analysis on calleeResult failed
    └── ../../../../spec-concrete/8-dynamic/8.03.1-eval-expression.watsup:551.8-553.49
        (Call_eval: p EC_1 ARCH_1 |- callee @< (typeArgumentIR)* >( (argumentIR)* ): EC_2 ARCH_2 callResult) failed
        └── ../../../../spec-concrete/8-dynamic/8.03.1-eval-expression.watsup:551.8-551.17
            relation Call_eval failed
            └── ../../../../spec-concrete/8-dynamic/8.10.4-eval-call.watsup:355.22-355.42
                Case analysis on callee failed
                └── ../../../../spec-concrete/8-dynamic/8.10.4-eval-call.watsup:352.20-352.41
                    Group externFunctionCallee: p EC_0 ARCH_0 |- (externFunctionCallee as callee) @< (typeArgumentIR)* >( (argumentIR)* ): % % % failed
                    └── ../../../../spec-concrete/8-dynamic/8.10.4-eval-call.watsup:377.39-377.50
                        Case analysis on copyInResult failed
                        └── ../../../../spec-concrete/8-dynamic/8.10.4-eval-call.watsup:411.8-415.16
                            (Copy_out: p_shared ARCH_2 |- p EC_1 (parameterIR_aligned)* @ (local) EC_callee_4 ((storageReference)?)* ~> EC_2) failed
                            └── ../../../../spec-concrete/8-dynamic/8.10.4-eval-call.watsup:412.18-412.24
                                ARCH_2 failed
                                └── ../../../../spec-concrete/8-dynamic/8.10.4-eval-call.watsup:412.18-412.24
                                    value `ARCH_2` is undefined


>>> Running simulation test (ebpf) on ../../../../p4c/testdata/p4_16_samples/hit_ebpf.p4 with packet input ../../../../patches/ebpf/hit_ebpf.stf
[PASS] Transmitted (0) 001B17000130B88198B7AEB70800450000344A6F4000400653920A0198453212C86ACF2C01BBD0FA585C4CCCB2AC80100353C31400000101080A0192463911A0C06F
[PASS] Transmitted (1) 001B17000130B88198B7AEB70800450000344A6F4000400653920A0198453212C86ACF2C01BBD0FA585C4CCCB2AC80100353C31400000101080A0192463911A0C06F
Run success: ../../../../patches/ebpf/hit_ebpf.stf

>>> Running simulation test (ebpf) on ../../../../p4c/testdata/p4_16_samples/issue870_ebpf.p4 with packet input ../../../../patches/ebpf/issue870_ebpf.stf
[PASS] Transmitted (0) 001B17000130B88198B7AEB70800450000344A6F4000400653920A0198453212C86ACF2C01BBD0FA585C4CCCB2AC80100353C31400000101080A0192463911A0C06F
[PASS] Transmitted (1) 001B17000130B88198B7AEB70800450000344A6F4000400653920A0198453212C86ACF2C01BBD0FA585C4CCCB2AC80100353C31400000101080A0192463911A0C06F
Run success: ../../../../patches/ebpf/issue870_ebpf.stf

>>> Running simulation test (ebpf) on ../../../../patches/ebpf/key-issue-1020_ebpf.p4 with packet input ../../../../patches/ebpf/key-issue-1020_ebpf.stf
[PASS] Transmitted (0) 001B17000130B88198B7AEB70800450000344A6F4000400653920A0198453212C86ACF2C01BBD0FA585C4CCCB2AC80100353C31400000101080A0192463911A0C06F
Run success: ../../../../patches/ebpf/key-issue-1020_ebpf.stf

>>> Running simulation test (ebpf) on ../../../../p4c/testdata/p4_16_samples/key_ebpf.p4 with packet input ../../../../patches/ebpf/key_ebpf.stf
[PASS] Transmitted (0) 001B17000130B88198B7AEB70800450000344A6F4000400653920A0198453212C86ACF2C01BBD0FA585C4CCCB2AC80100353C31400000101080A0192463911A0C06F
Run success: ../../../../patches/ebpf/key_ebpf.stf

>>> Running simulation test (ebpf) on ../../../../p4c/testdata/p4_16_samples/length_ebpf.p4 with packet input ../../../../p4c/testdata/p4_16_samples/length_ebpf.stf
[PASS] Transmitted (0) 00000000000000000000000000000000
Run success: ../../../../p4c/testdata/p4_16_samples/length_ebpf.stf

>>> Running simulation test (ebpf) on ../../../../p4c/testdata/p4_16_samples/lpm_ebpf.p4 with packet input ../../../../patches/ebpf/lpm_ebpf.stf
[PASS] Transmitted (0) 001B17000130B88198B7AEB70800450000344A6F4000400653920A0298453212C86ACF2C01BBD0FA585C4CCCB2AC80100353C31400000101080A0192463911A0C06F
Run success: ../../../../patches/ebpf/lpm_ebpf.stf

>>> Running simulation test (ebpf) on ../../../../p4c/testdata/p4_16_samples/switch_ebpf.p4 with packet input ../../../../patches/ebpf/switch_ebpf.stf
Error on run: ../../../../patches/ebpf/switch_ebpf.stf
relation EBPF_filter failed
│ ··· omitting 47 traces ···
../../../../spec-concrete/4-p4-ir/4.0-ir-syntax.watsup:431.5-431.12
Case analysis on switchLabelIR failed
└── ../../../../spec-concrete/8-dynamic/8.06-eval-statement.watsup:872.8-874.58
    (Expr_eval: (local) EC_0 ARCH_0 |- typedExpressionIR : EC_1 ARCH_1 expressionResult) failed
    └── ../../../../spec-concrete/8-dynamic/8.06-eval-statement.watsup:872.8-872.17
        relation Expr_eval failed
        └── ../../../../spec-concrete/8-dynamic/8.03.1-eval-expression.watsup:41.16-41.30
            Case analysis on expressionIR failed
            └── ../../../../spec-concrete/8-dynamic/8.03.1-eval-expression.watsup:40.15-40.37
                Group referenceExpressionIR: p EC ARCH |- ((prefixedNameIR as expressionIR) # expressionNoteIR) : % % % failed
                └── ../../../../spec-concrete/8-dynamic/8.03.1-eval-expression.watsup:44.6-44.36
                    (Let expressionResult be ((` value) as expressionResult)) failed
                    └── ../../../../spec-concrete/8-dynamic/8.02-evaluation-relation.watsup:8.28-8.30
                        ((` value) as expressionResult) failed
                        └── ../../../../spec-concrete/8-dynamic/8.02-evaluation-relation.watsup:8.28-8.30
                            (` value) failed
                            └── ../../../../spec-concrete/8-dynamic/8.03.1-eval-expression.watsup:44.31-44.36
                                value failed
                                └── ../../../../spec-concrete/8-dynamic/8.03.1-eval-expression.watsup:44.31-44.36
                                    value `value` is undefined


>>> Running simulation test (ebpf) on ../../../../p4c/testdata/p4_16_samples/test_ebpf.p4 with packet input ../../../../patches/ebpf/test_ebpf.stf
[PASS] Transmitted (0) 001B17000130B88198B7AEB70800450000344A6F4000400653920A0198453212C86ACF2C01BBD0FA585C4CCCB2AC80100353C31400000101080A0192463911A0C06F
[PASS] Transmitted (1) 001B17000130B88198B7AEB70800450000344A6F4000400653920A0198453212C86ACF2C01BBD0FA585C4CCCB2AC80100353C31400000101080A0192463911A0C06F
Run success: ../../../../patches/ebpf/test_ebpf.stf

>>> Running simulation test (ebpf) on ../../../../p4c/testdata/p4_16_samples/two_ebpf.p4 with packet input ../../../../patches/ebpf/two_ebpf.stf
[PASS] Transmitted (0) 001B17000130B88198B7AEB70800450000344A6F4000400653920A0198463212C86ACF2C01BBD0FA585C4CCCB2AC80100353C31400000101080A0192463911A0C06F
Run success: ../../../../patches/ebpf/two_ebpf.stf

>>> Running simulation test (ebpf) on ../../../../p4c/testdata/p4_16_samples/valid_ebpf.p4 with packet input ../../../../p4c/testdata/p4_16_samples/valid_ebpf.stf
[PASS] Transmitted (0) 001B17000130B88198B7AEB70800450000344A6F4000400653920A0198453212C86ACF2C01BBD0FA585C4CCCB2AC80100353C31400000101080A0192463911A0C06F
[PASS] Transmitted (0) 001B17000130B88198B7AEB70800450000344A6F4000400653920A0198453212C86ACF2C01BBD0FA585C4CCCB2AC80100353C31400000101080A0192463911A0C06E
Run success: ../../../../p4c/testdata/p4_16_samples/valid_ebpf.stf

>>> Running simulation test (ebpf) on ../../../../p4c/testdata/p4_16_samples/verify_ebpf.p4 with packet input ../../../../p4c/testdata/p4_16_samples/verify_ebpf.stf
[PASS] Transmitted (0) 0100000000000000000000000000000000000000ABCDEF01
Run success: ../../../../p4c/testdata/p4_16_samples/verify_ebpf.stf

Running simulation test (ebpf): [EXCLUDE] 0/17 (0.00%) [PASS] 14/17 (82.35%) [FAIL] 3/17 (17.65%)
