Running simulation test (v1model) on 202 files


>>> Running simulation test (v1model) on ../../../../p4c/testdata/p4_16_samples/arith-bmv2.p4
Run success: ../../../../p4c/testdata/p4_16_samples/arith-bmv2.p4

>>> Running simulation test (v1model) on ../../../../p4c/testdata/p4_16_samples/arith-inline-bmv2.p4
Run success: ../../../../p4c/testdata/p4_16_samples/arith-inline-bmv2.p4

>>> Running simulation test (v1model) on ../../../../p4c/testdata/p4_16_samples/arith1-bmv2.p4
Run success: ../../../../p4c/testdata/p4_16_samples/arith1-bmv2.p4

>>> Running simulation test (v1model) on ../../../../p4c/testdata/p4_16_samples/arith2-bmv2.p4
Run success: ../../../../p4c/testdata/p4_16_samples/arith2-bmv2.p4

>>> Running simulation test (v1model) on ../../../../p4c/testdata/p4_16_samples/arith2-inline-bmv2.p4
Run success: ../../../../p4c/testdata/p4_16_samples/arith2-inline-bmv2.p4

>>> Running simulation test (v1model) on ../../../../p4c/testdata/p4_16_samples/arith3-bmv2.p4
Run success: ../../../../p4c/testdata/p4_16_samples/arith3-bmv2.p4

>>> Running simulation test (v1model) on ../../../../p4c/testdata/p4_16_samples/arith4-bmv2.p4
Run success: ../../../../p4c/testdata/p4_16_samples/arith4-bmv2.p4

>>> Running simulation test (v1model) on ../../../../p4c/testdata/p4_16_samples/arith5-bmv2.p4
Run success: ../../../../p4c/testdata/p4_16_samples/arith5-bmv2.p4

>>> Running simulation test (v1model) on ../../../../p4c/testdata/p4_16_samples/array-copy-bmv2.p4
Run success: ../../../../p4c/testdata/p4_16_samples/array-copy-bmv2.p4

>>> Running simulation test (v1model) on ../../../../p4c/testdata/p4_16_samples/bvec-hdr-bmv2.p4
Run success: ../../../../p4c/testdata/p4_16_samples/bvec-hdr-bmv2.p4

>>> Running simulation test (v1model) on ../../../../p4c/testdata/p4_16_samples/checksum-l4-bmv2.p4
Run success: ../../../../p4c/testdata/p4_16_samples/checksum-l4-bmv2.p4

>>> Running simulation test (v1model) on ../../../../p4c/testdata/p4_16_samples/checksum1-bmv2.p4
Run success: ../../../../p4c/testdata/p4_16_samples/checksum1-bmv2.p4

>>> Running simulation test (v1model) on ../../../../p4c/testdata/p4_16_samples/checksum2-bmv2.p4
Error on run: unknown

>>> Running simulation test (v1model) on ../../../../p4c/testdata/p4_16_samples/checksum3-bmv2.p4
Error on run: unknown

>>> Running simulation test (v1model) on ../../../../p4c/testdata/p4_16_samples/constant-in-calculation-bmv2.p4
Run success: ../../../../p4c/testdata/p4_16_samples/constant-in-calculation-bmv2.p4

>>> Running simulation test (v1model) on ../../../../p4c/testdata/p4_16_samples/default-action-arg-bmv2.p4
Run success: ../../../../p4c/testdata/p4_16_samples/default-action-arg-bmv2.p4

>>> Running simulation test (v1model) on ../../../../p4c/testdata/p4_16_samples/default_action-bmv2.p4
Run success: ../../../../p4c/testdata/p4_16_samples/default_action-bmv2.p4

>>> Running simulation test (v1model) on ../../../../p4c/testdata/p4_16_samples/enum-bmv2.p4
Run success: ../../../../p4c/testdata/p4_16_samples/enum-bmv2.p4

>>> Running simulation test (v1model) on ../../../../p4c/testdata/p4_16_samples/equality-bmv2.p4
Error on run: unknown

>>> Running simulation test (v1model) on ../../../../p4c/testdata/p4_16_samples/equality-varbit-bmv2.p4
Run success: ../../../../p4c/testdata/p4_16_samples/equality-varbit-bmv2.p4

>>> Running simulation test (v1model) on ../../../../p4c/testdata/p4_16_samples/extern-funcs-bmv2.p4
Excluding file: ../../../../p4c/testdata/p4_16_samples/extern-funcs-bmv2.p4

>>> Running simulation test (v1model) on ../../../../p4c/testdata/p4_16_samples/flag_lost-bmv2.p4
Error on run: unknown

>>> Running simulation test (v1model) on ../../../../p4c/testdata/p4_16_samples/gauntlet_action_mux-bmv2.p4
Run success: ../../../../p4c/testdata/p4_16_samples/gauntlet_action_mux-bmv2.p4

>>> Running simulation test (v1model) on ../../../../p4c/testdata/p4_16_samples/gauntlet_action_return-bmv2.p4
Run success: ../../../../p4c/testdata/p4_16_samples/gauntlet_action_return-bmv2.p4

>>> Running simulation test (v1model) on ../../../../p4c/testdata/p4_16_samples/gauntlet_arithref_cast-bmv2.p4
Run success: ../../../../p4c/testdata/p4_16_samples/gauntlet_arithref_cast-bmv2.p4

>>> Running simulation test (v1model) on ../../../../p4c/testdata/p4_16_samples/gauntlet_complex_initialization-bmv2.p4
Run success: ../../../../p4c/testdata/p4_16_samples/gauntlet_complex_initialization-bmv2.p4

>>> Running simulation test (v1model) on ../../../../p4c/testdata/p4_16_samples/gauntlet_copy_out-bmv2.p4
Run success: ../../../../p4c/testdata/p4_16_samples/gauntlet_copy_out-bmv2.p4

>>> Running simulation test (v1model) on ../../../../p4c/testdata/p4_16_samples/gauntlet_enum_assign-bmv2.p4
Error on run: ../../../../p4c/testdata/p4_16_samples/gauntlet_enum_assign-bmv2.p4
[FAIL] Remaining packets to be matched:
(2) 00

>>> Running simulation test (v1model) on ../../../../p4c/testdata/p4_16_samples/gauntlet_exit_after_valid-bmv2.p4
Run success: ../../../../p4c/testdata/p4_16_samples/gauntlet_exit_after_valid-bmv2.p4

>>> Running simulation test (v1model) on ../../../../p4c/testdata/p4_16_samples/gauntlet_exit_combination_1-bmv2.p4
Error on run: unknown

>>> Running simulation test (v1model) on ../../../../p4c/testdata/p4_16_samples/gauntlet_exit_combination_10-bmv2.p4
Run success: ../../../../p4c/testdata/p4_16_samples/gauntlet_exit_combination_10-bmv2.p4

>>> Running simulation test (v1model) on ../../../../p4c/testdata/p4_16_samples/gauntlet_exit_combination_11-bmv2.p4
Error on run: unknown

>>> Running simulation test (v1model) on ../../../../p4c/testdata/p4_16_samples/gauntlet_exit_combination_13-bmv2.p4
Error on run: unknown

>>> Running simulation test (v1model) on ../../../../p4c/testdata/p4_16_samples/gauntlet_exit_combination_14-bmv2.p4
Error on run: unknown

>>> Running simulation test (v1model) on ../../../../p4c/testdata/p4_16_samples/gauntlet_exit_combination_15-bmv2.p4
Error on run: unknown

>>> Running simulation test (v1model) on ../../../../p4c/testdata/p4_16_samples/gauntlet_exit_combination_16-bmv2.p4
Error on run: unknown

>>> Running simulation test (v1model) on ../../../../p4c/testdata/p4_16_samples/gauntlet_exit_combination_17-bmv2.p4
Error on run: unknown

>>> Running simulation test (v1model) on ../../../../p4c/testdata/p4_16_samples/gauntlet_exit_combination_18-bmv2.p4
Run success: ../../../../p4c/testdata/p4_16_samples/gauntlet_exit_combination_18-bmv2.p4

>>> Running simulation test (v1model) on ../../../../p4c/testdata/p4_16_samples/gauntlet_exit_combination_19-bmv2.p4
Error on run: unknown

>>> Running simulation test (v1model) on ../../../../p4c/testdata/p4_16_samples/gauntlet_exit_combination_2-bmv2.p4
Error on run: unknown

>>> Running simulation test (v1model) on ../../../../p4c/testdata/p4_16_samples/gauntlet_exit_combination_20-bmv2.p4
Run success: ../../../../p4c/testdata/p4_16_samples/gauntlet_exit_combination_20-bmv2.p4

>>> Running simulation test (v1model) on ../../../../p4c/testdata/p4_16_samples/gauntlet_exit_combination_21-bmv2.p4
Run success: ../../../../p4c/testdata/p4_16_samples/gauntlet_exit_combination_21-bmv2.p4

>>> Running simulation test (v1model) on ../../../../p4c/testdata/p4_16_samples/gauntlet_exit_combination_22-bmv2.p4
Error on run: unknown

>>> Running simulation test (v1model) on ../../../../p4c/testdata/p4_16_samples/gauntlet_exit_combination_23-bmv2.p4
Error on run: unknown

>>> Running simulation test (v1model) on ../../../../p4c/testdata/p4_16_samples/gauntlet_exit_combination_3-bmv2.p4
Error on run: unknown

>>> Running simulation test (v1model) on ../../../../p4c/testdata/p4_16_samples/gauntlet_exit_combination_4-bmv2.p4
Error on run: unknown

>>> Running simulation test (v1model) on ../../../../p4c/testdata/p4_16_samples/gauntlet_exit_combination_5-bmv2.p4
Run success: ../../../../p4c/testdata/p4_16_samples/gauntlet_exit_combination_5-bmv2.p4

>>> Running simulation test (v1model) on ../../../../p4c/testdata/p4_16_samples/gauntlet_exit_combination_6-bmv2.p4
Run success: ../../../../p4c/testdata/p4_16_samples/gauntlet_exit_combination_6-bmv2.p4

>>> Running simulation test (v1model) on ../../../../p4c/testdata/p4_16_samples/gauntlet_exit_combination_7-bmv2.p4
Run success: ../../../../p4c/testdata/p4_16_samples/gauntlet_exit_combination_7-bmv2.p4

>>> Running simulation test (v1model) on ../../../../p4c/testdata/p4_16_samples/gauntlet_exit_combination_8-bmv2.p4
Run success: ../../../../p4c/testdata/p4_16_samples/gauntlet_exit_combination_8-bmv2.p4

>>> Running simulation test (v1model) on ../../../../p4c/testdata/p4_16_samples/gauntlet_exit_combination_9-bmv2.p4
Error on run: unknown

>>> Running simulation test (v1model) on ../../../../p4c/testdata/p4_16_samples/gauntlet_function_if_hdr_return-bmv2.p4
Run success: ../../../../p4c/testdata/p4_16_samples/gauntlet_function_if_hdr_return-bmv2.p4

>>> Running simulation test (v1model) on ../../../../p4c/testdata/p4_16_samples/gauntlet_function_return-bmv2.p4
Run success: ../../../../p4c/testdata/p4_16_samples/gauntlet_function_return-bmv2.p4

>>> Running simulation test (v1model) on ../../../../p4c/testdata/p4_16_samples/gauntlet_function_return_cast-bmv2.p4
Run success: ../../../../p4c/testdata/p4_16_samples/gauntlet_function_return_cast-bmv2.p4

>>> Running simulation test (v1model) on ../../../../p4c/testdata/p4_16_samples/gauntlet_hdr_assign_1-bmv2.p4
Run success: ../../../../p4c/testdata/p4_16_samples/gauntlet_hdr_assign_1-bmv2.p4

>>> Running simulation test (v1model) on ../../../../p4c/testdata/p4_16_samples/gauntlet_hdr_assign_2-bmv2.p4
Error on run: unknown

>>> Running simulation test (v1model) on ../../../../p4c/testdata/p4_16_samples/gauntlet_hdr_function_cast-bmv2.p4
Run success: ../../../../p4c/testdata/p4_16_samples/gauntlet_hdr_function_cast-bmv2.p4

>>> Running simulation test (v1model) on ../../../../p4c/testdata/p4_16_samples/gauntlet_hdr_in_value-bmv2.p4
Excluding file: ../../../../p4c/testdata/p4_16_samples/gauntlet_hdr_in_value-bmv2.p4

>>> Running simulation test (v1model) on ../../../../p4c/testdata/p4_16_samples/gauntlet_hdr_init-bmv2.p4
Error on run: unknown

>>> Running simulation test (v1model) on ../../../../p4c/testdata/p4_16_samples/gauntlet_hdr_int_initializer-bmv2.p4
Error on run: unknown

>>> Running simulation test (v1model) on ../../../../p4c/testdata/p4_16_samples/gauntlet_hdr_out_in_action-bmv2.p4
Run success: ../../../../p4c/testdata/p4_16_samples/gauntlet_hdr_out_in_action-bmv2.p4

>>> Running simulation test (v1model) on ../../../../p4c/testdata/p4_16_samples/gauntlet_hdr_set_valid-bmv2.p4
Run success: ../../../../p4c/testdata/p4_16_samples/gauntlet_hdr_set_valid-bmv2.p4

>>> Running simulation test (v1model) on ../../../../p4c/testdata/p4_16_samples/gauntlet_index_1-bmv2.p4
Error on run: unknown

>>> Running simulation test (v1model) on ../../../../p4c/testdata/p4_16_samples/gauntlet_index_2-bmv2.p4
Error on run: unknown

>>> Running simulation test (v1model) on ../../../../p4c/testdata/p4_16_samples/gauntlet_index_4-bmv2.p4
Error on run: unknown

>>> Running simulation test (v1model) on ../../../../p4c/testdata/p4_16_samples/gauntlet_index_5-bmv2.p4
Error on run: unknown

>>> Running simulation test (v1model) on ../../../../p4c/testdata/p4_16_samples/gauntlet_index_6-bmv2.p4
Error on run: unknown

>>> Running simulation test (v1model) on ../../../../p4c/testdata/p4_16_samples/gauntlet_index_7-bmv2.p4
Error on run: unknown

>>> Running simulation test (v1model) on ../../../../p4c/testdata/p4_16_samples/gauntlet_index_8-bmv2.p4
Error on run: unknown

>>> Running simulation test (v1model) on ../../../../p4c/testdata/p4_16_samples/gauntlet_index_9-bmv2.p4
Error on run: unknown

>>> Running simulation test (v1model) on ../../../../p4c/testdata/p4_16_samples/gauntlet_indirect_hdr_assign_1-bmv2.p4
Run success: ../../../../p4c/testdata/p4_16_samples/gauntlet_indirect_hdr_assign_1-bmv2.p4

>>> Running simulation test (v1model) on ../../../../p4c/testdata/p4_16_samples/gauntlet_indirect_hdr_assign_2-bmv2.p4
Run success: ../../../../p4c/testdata/p4_16_samples/gauntlet_indirect_hdr_assign_2-bmv2.p4

>>> Running simulation test (v1model) on ../../../../p4c/testdata/p4_16_samples/gauntlet_instance_overwrite-bmv2.p4
Run success: ../../../../p4c/testdata/p4_16_samples/gauntlet_instance_overwrite-bmv2.p4

>>> Running simulation test (v1model) on ../../../../p4c/testdata/p4_16_samples/gauntlet_int_casting-bmv2.p4
Run success: ../../../../p4c/testdata/p4_16_samples/gauntlet_int_casting-bmv2.p4

>>> Running simulation test (v1model) on ../../../../p4c/testdata/p4_16_samples/gauntlet_int_slice-bmv2.p4
Run success: ../../../../p4c/testdata/p4_16_samples/gauntlet_int_slice-bmv2.p4

>>> Running simulation test (v1model) on ../../../../p4c/testdata/p4_16_samples/gauntlet_invalid_hdr_assign-bmv2.p4
Run success: ../../../../p4c/testdata/p4_16_samples/gauntlet_invalid_hdr_assign-bmv2.p4

>>> Running simulation test (v1model) on ../../../../p4c/testdata/p4_16_samples/gauntlet_invalid_hdr_short_circuit-bmv2.p4
Error on run: ../../../../p4c/testdata/p4_16_samples/gauntlet_invalid_hdr_short_circuit-bmv2.p4
expected (0) 0000000000000000000000000000 but got (0) 0000000000000000000000000000000000

>>> Running simulation test (v1model) on ../../../../p4c/testdata/p4_16_samples/gauntlet_list_as_in_argument-bmv2.p4
Run success: ../../../../p4c/testdata/p4_16_samples/gauntlet_list_as_in_argument-bmv2.p4

>>> Running simulation test (v1model) on ../../../../p4c/testdata/p4_16_samples/gauntlet_mux_eval-bmv2.p4
Error on run: unknown

>>> Running simulation test (v1model) on ../../../../p4c/testdata/p4_16_samples/gauntlet_mux_hdr-bmv2.p4
Run success: ../../../../p4c/testdata/p4_16_samples/gauntlet_mux_hdr-bmv2.p4

>>> Running simulation test (v1model) on ../../../../p4c/testdata/p4_16_samples/gauntlet_mux_typecasting-bmv2.p4
Run success: ../../../../p4c/testdata/p4_16_samples/gauntlet_mux_typecasting-bmv2.p4

>>> Running simulation test (v1model) on ../../../../p4c/testdata/p4_16_samples/gauntlet_mux_validity-bmv2.p4
Run success: ../../../../p4c/testdata/p4_16_samples/gauntlet_mux_validity-bmv2.p4

>>> Running simulation test (v1model) on ../../../../p4c/testdata/p4_16_samples/gauntlet_nested_ifs_in_function-bmv2.p4
Run success: ../../../../p4c/testdata/p4_16_samples/gauntlet_nested_ifs_in_function-bmv2.p4

>>> Running simulation test (v1model) on ../../../../p4c/testdata/p4_16_samples/gauntlet_nested_slice-bmv2.p4
Error on run: unknown

>>> Running simulation test (v1model) on ../../../../p4c/testdata/p4_16_samples/gauntlet_nested_switch-bmv2.p4
Run success: ../../../../p4c/testdata/p4_16_samples/gauntlet_nested_switch-bmv2.p4

>>> Running simulation test (v1model) on ../../../../p4c/testdata/p4_16_samples/gauntlet_nested_table_calls-bmv2.p4
Error on run: unknown

>>> Running simulation test (v1model) on ../../../../p4c/testdata/p4_16_samples/gauntlet_return_truncate-bmv2.p4
Run success: ../../../../p4c/testdata/p4_16_samples/gauntlet_return_truncate-bmv2.p4

>>> Running simulation test (v1model) on ../../../../p4c/testdata/p4_16_samples/gauntlet_set_invalid-bmv2.p4
Error on run: unknown

>>> Running simulation test (v1model) on ../../../../p4c/testdata/p4_16_samples/gauntlet_set_valid_in_function-bmv2.p4
Run success: ../../../../p4c/testdata/p4_16_samples/gauntlet_set_valid_in_function-bmv2.p4

>>> Running simulation test (v1model) on ../../../../p4c/testdata/p4_16_samples/gauntlet_short_circuit-bmv2.p4
Run success: ../../../../p4c/testdata/p4_16_samples/gauntlet_short_circuit-bmv2.p4

>>> Running simulation test (v1model) on ../../../../p4c/testdata/p4_16_samples/gauntlet_side_effect_order_1-bmv2.p4
Run success: ../../../../p4c/testdata/p4_16_samples/gauntlet_side_effect_order_1-bmv2.p4

>>> Running simulation test (v1model) on ../../../../p4c/testdata/p4_16_samples/gauntlet_side_effect_order_2-bmv2.p4
Run success: ../../../../p4c/testdata/p4_16_samples/gauntlet_side_effect_order_2-bmv2.p4

>>> Running simulation test (v1model) on ../../../../p4c/testdata/p4_16_samples/gauntlet_side_effect_order_3-bmv2.p4
Run success: ../../../../p4c/testdata/p4_16_samples/gauntlet_side_effect_order_3-bmv2.p4

>>> Running simulation test (v1model) on ../../../../p4c/testdata/p4_16_samples/gauntlet_side_effect_order_4-bmv2.p4
Error on run: ../../../../p4c/testdata/p4_16_samples/gauntlet_side_effect_order_4-bmv2.p4
expected (0) 0000000000000000000000000003 but got (0) 0000000000000000000000000006

>>> Running simulation test (v1model) on ../../../../p4c/testdata/p4_16_samples/gauntlet_side_effect_order_5-bmv2.p4
Error on run: ../../../../p4c/testdata/p4_16_samples/gauntlet_side_effect_order_5-bmv2.p4
expected (0) 00000000000000000000000C0000 but got (0) 0000000000000000000000000000

>>> Running simulation test (v1model) on ../../../../p4c/testdata/p4_16_samples/gauntlet_side_effects_in_mux-bmv2.p4
Run success: ../../../../p4c/testdata/p4_16_samples/gauntlet_side_effects_in_mux-bmv2.p4

>>> Running simulation test (v1model) on ../../../../p4c/testdata/p4_16_samples/gauntlet_switch_exclusivity-bmv2.p4
Error on run: unknown

>>> Running simulation test (v1model) on ../../../../p4c/testdata/p4_16_samples/gauntlet_switch_nested_table_apply-bmv2.p4
Error on run: unknown

>>> Running simulation test (v1model) on ../../../../p4c/testdata/p4_16_samples/gauntlet_switch_shadowing-bmv2.p4
Error on run: unknown

>>> Running simulation test (v1model) on ../../../../p4c/testdata/p4_16_samples/gauntlet_table_call_in_expression-bmv2.p4
Error on run: unknown

>>> Running simulation test (v1model) on ../../../../p4c/testdata/p4_16_samples/gauntlet_typedef_cast-bmv2.p4
Run success: ../../../../p4c/testdata/p4_16_samples/gauntlet_typedef_cast-bmv2.p4

>>> Running simulation test (v1model) on ../../../../p4c/testdata/p4_16_samples/gauntlet_uninitialized_bool_struct-bmv2.p4
Error on run: unknown

>>> Running simulation test (v1model) on ../../../../p4c/testdata/p4_16_samples/gauntlet_variable_shadowing-bmv2.p4
Error on run: unknown

>>> Running simulation test (v1model) on ../../../../p4c/testdata/p4_16_samples/gauntlet_various_ops-bmv2.p4
Excluding file: ../../../../p4c/testdata/p4_16_samples/gauntlet_various_ops-bmv2.p4

>>> Running simulation test (v1model) on ../../../../p4c/testdata/p4_16_samples/header-bool-bmv2.p4
Error on run: unknown

>>> Running simulation test (v1model) on ../../../../p4c/testdata/p4_16_samples/header-stack-ops-bmv2.p4
Error on run: unknown

>>> Running simulation test (v1model) on ../../../../p4c/testdata/p4_16_samples/invalid-hdr-warnings3-bmv2.p4
Error on run: unknown

>>> Running simulation test (v1model) on ../../../../p4c/testdata/p4_16_samples/ipv6-switch-ml-bmv2.p4
Error on run: ../../../../p4c/testdata/p4_16_samples/ipv6-switch-ml-bmv2.p4
parser error

>>> Running simulation test (v1model) on ../../../../p4c/testdata/p4_16_samples/issue-2123-2-bmv2.p4
Error on run: unknown

>>> Running simulation test (v1model) on ../../../../p4c/testdata/p4_16_samples/issue-2123-3-bmv2.p4
Error on run: unknown

>>> Running simulation test (v1model) on ../../../../p4c/testdata/p4_16_samples/issue1000-bmv2.p4
Error on run: unknown

>>> Running simulation test (v1model) on ../../../../p4c/testdata/p4_16_samples/issue1025-bmv2.p4
Error on run: ../../../../p4c/testdata/p4_16_samples/issue1025-bmv2.p4
expected (0) 000000010000080027018BBC080048000030000100004006C89F0A00020F0A0203048307100A01020300157D005000000000000000005002200061010000 but got (0) 000000010101080027018BBC080048000030000100004006C89F0A00020F0A0203048307100A01020300157D005000000000000000005002200061010000

>>> Running simulation test (v1model) on ../../../../p4c/testdata/p4_16_samples/issue1049-bmv2.p4
Run success: ../../../../p4c/testdata/p4_16_samples/issue1049-bmv2.p4

>>> Running simulation test (v1model) on ../../../../p4c/testdata/p4_16_samples/issue1062-1-bmv2.p4
Error on run: unknown

>>> Running simulation test (v1model) on ../../../../p4c/testdata/p4_16_samples/issue1097-2-bmv2.p4
Excluding file: ../../../../p4c/testdata/p4_16_samples/issue1097-2-bmv2.p4

>>> Running simulation test (v1model) on ../../../../p4c/testdata/p4_16_samples/issue1566-bmv2.p4
Error on run: unknown

>>> Running simulation test (v1model) on ../../../../p4c/testdata/p4_16_samples/issue1755-1-bmv2.p4
Run success: ../../../../p4c/testdata/p4_16_samples/issue1755-1-bmv2.p4

>>> Running simulation test (v1model) on ../../../../p4c/testdata/p4_16_samples/issue1755-bmv2.p4
Run success: ../../../../p4c/testdata/p4_16_samples/issue1755-bmv2.p4

>>> Running simulation test (v1model) on ../../../../p4c/testdata/p4_16_samples/issue1768-bmv2.p4
Error on run: unknown

>>> Running simulation test (v1model) on ../../../../p4c/testdata/p4_16_samples/issue1814-1-bmv2.p4
Excluding file: ../../../../p4c/testdata/p4_16_samples/issue1814-1-bmv2.p4

>>> Running simulation test (v1model) on ../../../../p4c/testdata/p4_16_samples/issue1824-bmv2.p4
Error on run: unknown

>>> Running simulation test (v1model) on ../../../../p4c/testdata/p4_16_samples/issue1879-bmv2.p4
Excluding file: ../../../../p4c/testdata/p4_16_samples/issue1879-bmv2.p4

>>> Running simulation test (v1model) on ../../../../p4c/testdata/p4_16_samples/issue2147-bmv2.p4
Error on run: unknown

>>> Running simulation test (v1model) on ../../../../p4c/testdata/p4_16_samples/issue2153-bmv2.p4
Error on run: ../../../../p4c/testdata/p4_16_samples/issue2153-bmv2.p4
not yet supported: add simple_table  hdr.h.b(0x55) do_something() 

>>> Running simulation test (v1model) on ../../../../p4c/testdata/p4_16_samples/issue2170-bmv2.p4
Error on run: unknown

>>> Running simulation test (v1model) on ../../../../p4c/testdata/p4_16_samples/issue2176-bmv2.p4
Error on run: ../../../../p4c/testdata/p4_16_samples/issue2176-bmv2.p4
expected (0) 1111111111112222222222223333FF00 but got (0) 111111111111222222222222333301EE

>>> Running simulation test (v1model) on ../../../../p4c/testdata/p4_16_samples/issue2205-1-bmv2.p4
Error on run: ../../../../p4c/testdata/p4_16_samples/issue2205-1-bmv2.p4
expected (0) 00000000000000000000000100B6 but got (0) 0000000000000000000000010002

>>> Running simulation test (v1model) on ../../../../p4c/testdata/p4_16_samples/issue2205-bmv2.p4
Run success: ../../../../p4c/testdata/p4_16_samples/issue2205-bmv2.p4

>>> Running simulation test (v1model) on ../../../../p4c/testdata/p4_16_samples/issue2221-bmv2.p4
Error on run: ../../../../p4c/testdata/p4_16_samples/issue2221-bmv2.p4
expected (0) 0000000000000000000000000806 but got (0) 0000000000000000000000000000

>>> Running simulation test (v1model) on ../../../../p4c/testdata/p4_16_samples/issue2225-bmv2.p4
Error on run: ../../../../p4c/testdata/p4_16_samples/issue2225-bmv2.p4
expected (0) 0000000000000000000000000003 but got (0) 0000000000000000000000000000

>>> Running simulation test (v1model) on ../../../../p4c/testdata/p4_16_samples/issue2287-bmv2.p4
Excluding file: ../../../../p4c/testdata/p4_16_samples/issue2287-bmv2.p4

>>> Running simulation test (v1model) on ../../../../p4c/testdata/p4_16_samples/issue2343-bmv2.p4
Error on run: ../../../../p4c/testdata/p4_16_samples/issue2343-bmv2.p4
expected (0) 0000000000010000000000008000 but got (0) 0000000000000000000000008000

>>> Running simulation test (v1model) on ../../../../p4c/testdata/p4_16_samples/issue2375-1-bmv2.p4
Run success: ../../../../p4c/testdata/p4_16_samples/issue2375-1-bmv2.p4

>>> Running simulation test (v1model) on ../../../../p4c/testdata/p4_16_samples/issue2375-bmv2.p4
Run success: ../../../../p4c/testdata/p4_16_samples/issue2375-bmv2.p4

>>> Running simulation test (v1model) on ../../../../p4c/testdata/p4_16_samples/issue2383-bmv2.p4
Run success: ../../../../p4c/testdata/p4_16_samples/issue2383-bmv2.p4

>>> Running simulation test (v1model) on ../../../../p4c/testdata/p4_16_samples/issue2392-bmv2.p4
Run success: ../../../../p4c/testdata/p4_16_samples/issue2392-bmv2.p4

>>> Running simulation test (v1model) on ../../../../p4c/testdata/p4_16_samples/issue2488-bmv2.p4
Run success: ../../../../p4c/testdata/p4_16_samples/issue2488-bmv2.p4

>>> Running simulation test (v1model) on ../../../../p4c/testdata/p4_16_samples/issue2498-bmv2.p4
Error on run: unknown

>>> Running simulation test (v1model) on ../../../../p4c/testdata/p4_16_samples/issue2614-bmv2.p4
Run success: ../../../../p4c/testdata/p4_16_samples/issue2614-bmv2.p4

>>> Running simulation test (v1model) on ../../../../p4c/testdata/p4_16_samples/issue3488-1-bmv2.p4
Error on run: unknown

>>> Running simulation test (v1model) on ../../../../p4c/testdata/p4_16_samples/issue3488-bmv2.p4
Error on run: ../../../../p4c/testdata/p4_16_samples/issue3488-bmv2.p4
not yet supported: add test_ingress.pre_tbl1  hdr.ipv4.dst_addr(0xcb0b3bfe) test_ingress.action3() 

>>> Running simulation test (v1model) on ../../../../p4c/testdata/p4_16_samples/issue447-1-bmv2.p4
Error on run: unknown

>>> Running simulation test (v1model) on ../../../../p4c/testdata/p4_16_samples/issue447-2-bmv2.p4
Run success: ../../../../p4c/testdata/p4_16_samples/issue447-2-bmv2.p4

>>> Running simulation test (v1model) on ../../../../p4c/testdata/p4_16_samples/issue447-3-bmv2.p4
Error on run: unknown

>>> Running simulation test (v1model) on ../../../../p4c/testdata/p4_16_samples/issue447-4-bmv2.p4
Error on run: unknown

>>> Running simulation test (v1model) on ../../../../p4c/testdata/p4_16_samples/issue447-5-bmv2.p4
Run success: ../../../../p4c/testdata/p4_16_samples/issue447-5-bmv2.p4

>>> Running simulation test (v1model) on ../../../../p4c/testdata/p4_16_samples/issue447-bmv2.p4
Run success: ../../../../p4c/testdata/p4_16_samples/issue447-bmv2.p4

>>> Running simulation test (v1model) on ../../../../p4c/testdata/p4_16_samples/issue510-bmv2.p4
Error on run: unknown

>>> Running simulation test (v1model) on ../../../../p4c/testdata/p4_16_samples/issue561-1-bmv2.p4
Error on run: unknown

>>> Running simulation test (v1model) on ../../../../p4c/testdata/p4_16_samples/issue561-2-bmv2.p4
Error on run: unknown

>>> Running simulation test (v1model) on ../../../../p4c/testdata/p4_16_samples/issue561-3-bmv2.p4
Error on run: unknown

>>> Running simulation test (v1model) on ../../../../p4c/testdata/p4_16_samples/issue561-4-bmv2.p4
Error on run: unknown

>>> Running simulation test (v1model) on ../../../../p4c/testdata/p4_16_samples/issue561-5-bmv2.p4
Error on run: unknown

>>> Running simulation test (v1model) on ../../../../p4c/testdata/p4_16_samples/issue561-6-bmv2.p4
Error on run: unknown

>>> Running simulation test (v1model) on ../../../../p4c/testdata/p4_16_samples/issue561-7-bmv2.p4
Error on run: unknown

>>> Running simulation test (v1model) on ../../../../p4c/testdata/p4_16_samples/issue635-bmv2.p4
Run success: ../../../../p4c/testdata/p4_16_samples/issue635-bmv2.p4

>>> Running simulation test (v1model) on ../../../../p4c/testdata/p4_16_samples/issue655-bmv2.p4
Run success: ../../../../p4c/testdata/p4_16_samples/issue655-bmv2.p4

>>> Running simulation test (v1model) on ../../../../p4c/testdata/p4_16_samples/issue774-4-bmv2.p4
Error on run: unknown

>>> Running simulation test (v1model) on ../../../../p4c/testdata/p4_16_samples/issue983-bmv2.p4
Error on run: unknown

>>> Running simulation test (v1model) on ../../../../p4c/testdata/p4_16_samples/issue995-bmv2.p4
Error on run: unknown

>>> Running simulation test (v1model) on ../../../../p4c/testdata/p4_16_samples/key-bmv2.p4
Error on run: ../../../../p4c/testdata/p4_16_samples/key-bmv2.p4
not yet supported: add c.t  e(0) c.a() 

>>> Running simulation test (v1model) on ../../../../p4c/testdata/p4_16_samples/match-on-exprs-bmv2.p4
Error on run: ../../../../p4c/testdata/p4_16_samples/match-on-exprs-bmv2.p4
not yet supported: add t1  ethernet.srcAddr.slice(0x1f) dstAddr_lsbs(0x010101010101) etherType_less_10(0xf00f) ingressImpl.foo((out_port, 3)) 

>>> Running simulation test (v1model) on ../../../../p4c/testdata/p4_16_samples/opassign1-bmv2.p4
Excluding file: ../../../../p4c/testdata/p4_16_samples/opassign1-bmv2.p4

>>> Running simulation test (v1model) on ../../../../p4c/testdata/p4_16_samples/opassign2-bmv2.p4
Excluding file: ../../../../p4c/testdata/p4_16_samples/opassign2-bmv2.p4

>>> Running simulation test (v1model) on ../../../../p4c/testdata/p4_16_samples/parser-inline/parser-inline-test1.p4
Run success: ../../../../p4c/testdata/p4_16_samples/parser-inline/parser-inline-test1.p4

>>> Running simulation test (v1model) on ../../../../p4c/testdata/p4_16_samples/parser-inline/parser-inline-test10.p4
Run success: ../../../../p4c/testdata/p4_16_samples/parser-inline/parser-inline-test10.p4

>>> Running simulation test (v1model) on ../../../../p4c/testdata/p4_16_samples/parser-inline/parser-inline-test11.p4
Run success: ../../../../p4c/testdata/p4_16_samples/parser-inline/parser-inline-test11.p4

>>> Running simulation test (v1model) on ../../../../p4c/testdata/p4_16_samples/parser-inline/parser-inline-test12.p4
Run success: ../../../../p4c/testdata/p4_16_samples/parser-inline/parser-inline-test12.p4

>>> Running simulation test (v1model) on ../../../../p4c/testdata/p4_16_samples/parser-inline/parser-inline-test13.p4
Run success: ../../../../p4c/testdata/p4_16_samples/parser-inline/parser-inline-test13.p4

>>> Running simulation test (v1model) on ../../../../p4c/testdata/p4_16_samples/parser-inline/parser-inline-test2.p4
Run success: ../../../../p4c/testdata/p4_16_samples/parser-inline/parser-inline-test2.p4

>>> Running simulation test (v1model) on ../../../../p4c/testdata/p4_16_samples/parser-inline/parser-inline-test3.p4
Run success: ../../../../p4c/testdata/p4_16_samples/parser-inline/parser-inline-test3.p4

>>> Running simulation test (v1model) on ../../../../p4c/testdata/p4_16_samples/parser-inline/parser-inline-test4.p4
Error on run: unknown

>>> Running simulation test (v1model) on ../../../../p4c/testdata/p4_16_samples/parser-inline/parser-inline-test5.p4
Run success: ../../../../p4c/testdata/p4_16_samples/parser-inline/parser-inline-test5.p4

>>> Running simulation test (v1model) on ../../../../p4c/testdata/p4_16_samples/parser-inline/parser-inline-test6.p4
Run success: ../../../../p4c/testdata/p4_16_samples/parser-inline/parser-inline-test6.p4

>>> Running simulation test (v1model) on ../../../../p4c/testdata/p4_16_samples/parser-inline/parser-inline-test7.p4
Run success: ../../../../p4c/testdata/p4_16_samples/parser-inline/parser-inline-test7.p4

>>> Running simulation test (v1model) on ../../../../p4c/testdata/p4_16_samples/parser-inline/parser-inline-test8.p4
Run success: ../../../../p4c/testdata/p4_16_samples/parser-inline/parser-inline-test8.p4

>>> Running simulation test (v1model) on ../../../../p4c/testdata/p4_16_samples/parser-inline/parser-inline-test9.p4
Run success: ../../../../p4c/testdata/p4_16_samples/parser-inline/parser-inline-test9.p4

>>> Running simulation test (v1model) on ../../../../p4c/testdata/p4_16_samples/parser_error-bmv2.p4
Error on run: unknown

>>> Running simulation test (v1model) on ../../../../p4c/testdata/p4_16_samples/predication_issue_1.p4
Error on run: ../../../../p4c/testdata/p4_16_samples/predication_issue_1.p4
expected (0) 0000000000010000000000000000 but got (0) 0000000000000000000000000000

>>> Running simulation test (v1model) on ../../../../p4c/testdata/p4_16_samples/predication_issue_2.p4
Error on run: unknown

>>> Running simulation test (v1model) on ../../../../p4c/testdata/p4_16_samples/predication_issue_3.p4
Error on run: unknown

>>> Running simulation test (v1model) on ../../../../p4c/testdata/p4_16_samples/runtime-index-2-bmv2.p4
Error on run: unknown

>>> Running simulation test (v1model) on ../../../../p4c/testdata/p4_16_samples/runtime-index-bmv2.p4
Error on run: unknown

>>> Running simulation test (v1model) on ../../../../p4c/testdata/p4_16_samples/saturated-bmv2.p4
Error on run: unknown

>>> Running simulation test (v1model) on ../../../../p4c/testdata/p4_16_samples/stack_complex-bmv2.p4
Error on run: unknown

>>> Running simulation test (v1model) on ../../../../p4c/testdata/p4_16_samples/subparser-with-header-stack-bmv2.p4
Error on run: unknown

>>> Running simulation test (v1model) on ../../../../p4c/testdata/p4_16_samples/table-entries-exact-bmv2.p4
Run success: ../../../../p4c/testdata/p4_16_samples/table-entries-exact-bmv2.p4

>>> Running simulation test (v1model) on ../../../../p4c/testdata/p4_16_samples/table-entries-exact-ternary-bmv2.p4
Error on run: unknown

>>> Running simulation test (v1model) on ../../../../p4c/testdata/p4_16_samples/table-entries-lpm-bmv2.p4
Error on run: unknown

>>> Running simulation test (v1model) on ../../../../p4c/testdata/p4_16_samples/table-entries-optional-bmv2.p4
Error on run: unknown

>>> Running simulation test (v1model) on ../../../../p4c/testdata/p4_16_samples/table-entries-priority-bmv2.p4
Error on run: unknown

>>> Running simulation test (v1model) on ../../../../p4c/testdata/p4_16_samples/table-entries-range-bmv2.p4
Error on run: unknown

>>> Running simulation test (v1model) on ../../../../p4c/testdata/p4_16_samples/table-entries-ser-enum-bmv2.p4
Excluding file: ../../../../p4c/testdata/p4_16_samples/table-entries-ser-enum-bmv2.p4

>>> Running simulation test (v1model) on ../../../../p4c/testdata/p4_16_samples/table-entries-ternary-bmv2.p4
Error on run: unknown

>>> Running simulation test (v1model) on ../../../../p4c/testdata/p4_16_samples/test-parserinvalidargument-error-bmv2.p4
Error on run: unknown

>>> Running simulation test (v1model) on ../../../../p4c/testdata/p4_16_samples/union-bmv2.p4
Error on run: unknown

>>> Running simulation test (v1model) on ../../../../p4c/testdata/p4_16_samples/union-valid-bmv2.p4
Error on run: unknown

>>> Running simulation test (v1model) on ../../../../p4c/testdata/p4_16_samples/union1-bmv2.p4
Error on run: unknown

>>> Running simulation test (v1model) on ../../../../p4c/testdata/p4_16_samples/union2-bmv2.p4
Error on run: unknown

>>> Running simulation test (v1model) on ../../../../p4c/testdata/p4_16_samples/union3-bmv2.p4
Error on run: unknown

>>> Running simulation test (v1model) on ../../../../p4c/testdata/p4_16_samples/v1model-const-entries-bmv2.p4
Error on run: unknown

>>> Running simulation test (v1model) on ../../../../p4c/testdata/p4_16_samples/v1model-special-ops-bmv2.p4
Excluding file: ../../../../p4c/testdata/p4_16_samples/v1model-special-ops-bmv2.p4

Running simulation test (v1model): [EXCLUDE] 11/202 (5.45%) [PASS] 86/202 (42.57%) [FAIL] 105/202 (51.98%)
