Running simulation test (ebpf) on 17 files


>>> Running simulation test (ebpf) on ../../../../p4c/testdata/p4_16_samples/action_call_ebpf.p4
[PASS] Transmitted (0) 0000000000000000000000000000000000000000ABCDEF01
[PASS] Transmitted (0) 001B17000130B88198B7AEB70800450000344A6F4000400653920A0198453212C86ACF2C01BBD0FA585C4CCCB2AC80100353C31400000101080A0192463911A0C06F
[PASS] Transmitted (0) 000000000000000000000000000000000000000000010000
[PASS] Transmitted (0) 000000000000000000000000000000000000000000011000
[PASS] Transmitted (0) 001B17000130B88198B7AEB70800450000344A6F4000400653920A0198453212C86ACF2C01BBD0FA585C4CCCB2AC80100353C31400000101080A0192463911A0C06E
Run success: ../../../../p4c/testdata/p4_16_samples/action_call_ebpf.p4

>>> Running simulation test (ebpf) on ../../../../p4c/testdata/p4_16_samples/action_call_table_ebpf.p4
Error on run: ../../../../p4c/testdata/p4_16_samples/action_call_table_ebpf.p4
not yet supported: setdefault pipe_t pipe_Reject((rej, 0), (bar, 1))

>>> Running simulation test (ebpf) on ../../../../p4c/testdata/p4_16_samples/advance_ebpf.p4
[PASS] Transmitted (0) 000000000000000000000000000000000001
Run success: ../../../../p4c/testdata/p4_16_samples/advance_ebpf.p4

>>> Running simulation test (ebpf) on ../../../../p4c/testdata/p4_16_samples/count_ebpf.p4
[PASS] Transmitted (0) 001B17000130B88198B7AEB70800450000344A6F4000400653920A0198453212C86ACF2C01BBD0FA585C4CCCB2AC80100353C31400000101080A0192463911A0C06F
[PASS] Transmitted (0) 001B17000130B88198B7AEB70800450000344A6F4000400653920A0198453212C86ACF2C01BBD0FA585C4CCCB2AC80100353C31400000101080A0192463911A0C06E
Run success: ../../../../p4c/testdata/p4_16_samples/count_ebpf.p4

>>> Running simulation test (ebpf) on ../../../../p4c/testdata/p4_16_samples/ebpf_checksum_extern.p4
Error on run: ../../../../p4c/testdata/p4_16_samples/ebpf_checksum_extern.p4
unsupported extern function call: verify_ipv4_checksum(iphdr)

>>> Running simulation test (ebpf) on ../../../../p4c/testdata/p4_16_samples/ebpf_conntrack_extern.p4
Error on run: ../../../../p4c/testdata/p4_16_samples/ebpf_conntrack_extern.p4
unsupported extern function call: tcp_conntrack(hdrs)

>>> Running simulation test (ebpf) on ../../../../p4c/testdata/p4_16_samples/hit_ebpf.p4
Error on run: unknown

>>> Running simulation test (ebpf) on ../../../../p4c/testdata/p4_16_samples/issue870_ebpf.p4
Error on run: unknown

>>> Running simulation test (ebpf) on ../../../../p4c/testdata/p4_16_samples/key-issue-1020_ebpf.p4
Error on run: unknown

>>> Running simulation test (ebpf) on ../../../../p4c/testdata/p4_16_samples/key_ebpf.p4
Error on run: unknown

>>> Running simulation test (ebpf) on ../../../../p4c/testdata/p4_16_samples/length_ebpf.p4
[PASS] Transmitted (0) 00000000000000000000000000000000
Run success: ../../../../p4c/testdata/p4_16_samples/length_ebpf.p4

>>> Running simulation test (ebpf) on ../../../../p4c/testdata/p4_16_samples/lpm_ebpf.p4
Error on run: ../../../../p4c/testdata/p4_16_samples/lpm_ebpf.p4
slash notation for table keys not supported

>>> Running simulation test (ebpf) on ../../../../p4c/testdata/p4_16_samples/switch_ebpf.p4
Error on run: unknown

>>> Running simulation test (ebpf) on ../../../../p4c/testdata/p4_16_samples/test_ebpf.p4
Error on run: unknown

>>> Running simulation test (ebpf) on ../../../../p4c/testdata/p4_16_samples/two_ebpf.p4
Error on run: unknown

>>> Running simulation test (ebpf) on ../../../../p4c/testdata/p4_16_samples/valid_ebpf.p4
[PASS] Transmitted (0) 001B17000130B88198B7AEB70800450000344A6F4000400653920A0198453212C86ACF2C01BBD0FA585C4CCCB2AC80100353C31400000101080A0192463911A0C06F
[PASS] Transmitted (0) 001B17000130B88198B7AEB70800450000344A6F4000400653920A0198453212C86ACF2C01BBD0FA585C4CCCB2AC80100353C31400000101080A0192463911A0C06E
Run success: ../../../../p4c/testdata/p4_16_samples/valid_ebpf.p4

>>> Running simulation test (ebpf) on ../../../../p4c/testdata/p4_16_samples/verify_ebpf.p4
[PASS] Transmitted (0) 0100000000000000000000000000000000000000ABCDEF01
Run success: ../../../../p4c/testdata/p4_16_samples/verify_ebpf.p4

Running simulation test (ebpf): [EXCLUDE] 0/17 (0.00%) [PASS] 6/17 (35.29%) [FAIL] 11/17 (64.71%)
