Running simulation test (nano) on 32 files


>>> Running simulation test (nano) on ../../../../../nano-p4/testdata/positive/action-call-table-1.p4 with packet input ../../../../../nano-p4/testdata/positive/action-call-table-1.stf
[PASS] Transmitted (0) 010000
Run success: ../../../../../nano-p4/testdata/positive/action-call-table-1.stf

>>> Running simulation test (nano) on ../../../../../nano-p4/testdata/positive/action-call-table-2.p4 with packet input ../../../../../nano-p4/testdata/positive/action-call-table-2.stf
[PASS] Transmitted (0) 010000
[PASS] Transmitted (0) 030000
Run success: ../../../../../nano-p4/testdata/positive/action-call-table-2.stf

>>> Running simulation test (nano) on ../../../../../nano-p4/testdata/positive/action-call.p4 with packet input ../../../../../nano-p4/testdata/positive/action-call.stf
Run success: ../../../../../nano-p4/testdata/positive/action-call.stf

>>> Running simulation test (nano) on ../../../../../nano-p4/testdata/positive/bit-arith.p4 with packet input ../../../../../nano-p4/testdata/positive/bit-arith.stf
[PASS] Transmitted (0) 00
Run success: ../../../../../nano-p4/testdata/positive/bit-arith.stf

>>> Running simulation test (nano) on ../../../../../nano-p4/testdata/positive/bit-compare-literal.p4 with packet input ../../../../../nano-p4/testdata/positive/bit-compare-literal.stf
[PASS] Transmitted (0) 00
Run success: ../../../../../nano-p4/testdata/positive/bit-compare-literal.stf

>>> Running simulation test (nano) on ../../../../../nano-p4/testdata/positive/bit-compare-lt.p4 with packet input ../../../../../nano-p4/testdata/positive/bit-compare-lt.stf
[PASS] Transmitted (0) 00
Run success: ../../../../../nano-p4/testdata/positive/bit-compare-lt.stf

>>> Running simulation test (nano) on ../../../../../nano-p4/testdata/positive/bit-compare.p4 with packet input ../../../../../nano-p4/testdata/positive/bit-compare.stf
[PASS] Transmitted (0) 00
Run success: ../../../../../nano-p4/testdata/positive/bit-compare.stf

>>> Running simulation test (nano) on ../../../../../nano-p4/testdata/positive/bit-logical.p4 with packet input ../../../../../nano-p4/testdata/positive/bit-logical.stf
[PASS] Transmitted (0) 00
Run success: ../../../../../nano-p4/testdata/positive/bit-logical.stf

>>> Running simulation test (nano) on ../../../../../nano-p4/testdata/positive/bool-literal.p4 with packet input ../../../../../nano-p4/testdata/positive/bool-literal.stf
[PASS] Transmitted (0) 00
Run success: ../../../../../nano-p4/testdata/positive/bool-literal.stf

>>> Running simulation test (nano) on ../../../../../nano-p4/testdata/positive/conditional-nested.p4 with packet input ../../../../../nano-p4/testdata/positive/conditional-nested.stf
[PASS] Transmitted (0) 00
Run success: ../../../../../nano-p4/testdata/positive/conditional-nested.stf

>>> Running simulation test (nano) on ../../../../../nano-p4/testdata/positive/dst-broadcast.p4 with packet input ../../../../../nano-p4/testdata/positive/dst-broadcast.stf
[PASS] Transmitted (0) 0000FF
Run success: ../../../../../nano-p4/testdata/positive/dst-broadcast.stf

>>> Running simulation test (nano) on ../../../../../nano-p4/testdata/positive/field-access.p4 with packet input ../../../../../nano-p4/testdata/positive/field-access.stf
[PASS] Transmitted (0) 002A05
Run success: ../../../../../nano-p4/testdata/positive/field-access.stf

>>> Running simulation test (nano) on ../../../../../nano-p4/testdata/positive/free-pass.p4 with packet input ../../../../../nano-p4/testdata/positive/free-pass.stf
[PASS] Transmitted (0) 00
Run success: ../../../../../nano-p4/testdata/positive/free-pass.stf

>>> Running simulation test (nano) on ../../../../../nano-p4/testdata/positive/global-action-multiple-params.p4 with packet input ../../../../../nano-p4/testdata/positive/global-action-multiple-params.stf
[PASS] Transmitted (0) 00
Run success: ../../../../../nano-p4/testdata/positive/global-action-multiple-params.stf

>>> Running simulation test (nano) on ../../../../../nano-p4/testdata/positive/global-action.p4 with packet input ../../../../../nano-p4/testdata/positive/global-action.stf
[PASS] Transmitted (0) 00
Run success: ../../../../../nano-p4/testdata/positive/global-action.stf

>>> Running simulation test (nano) on ../../../../../nano-p4/testdata/positive/multi-state.p4 with packet input ../../../../../nano-p4/testdata/positive/multi-state.stf
[PASS] Transmitted (0) 000001
Run success: ../../../../../nano-p4/testdata/positive/multi-state.stf

>>> Running simulation test (nano) on ../../../../../nano-p4/testdata/positive/nanonet-ignore-flag.p4 with packet input ../../../../../nano-p4/testdata/positive/nanonet-ignore-flag.stf
[PASS] Transmitted (0) 010503
Run success: ../../../../../nano-p4/testdata/positive/nanonet-ignore-flag.stf

>>> Running simulation test (nano) on ../../../../../nano-p4/testdata/positive/nanonet-src-dst-filter.p4 with packet input ../../../../../nano-p4/testdata/positive/nanonet-src-dst-filter.stf
[PASS] Transmitted (0) 010102
Run success: ../../../../../nano-p4/testdata/positive/nanonet-src-dst-filter.stf

>>> Running simulation test (nano) on ../../../../../nano-p4/testdata/positive/nanonet-type-dispatch.p4 with packet input ../../../../../nano-p4/testdata/positive/nanonet-type-dispatch.stf
[PASS] Transmitted (0) 010000
Run success: ../../../../../nano-p4/testdata/positive/nanonet-type-dispatch.stf

>>> Running simulation test (nano) on ../../../../../nano-p4/testdata/positive/not-equal.p4 with packet input ../../../../../nano-p4/testdata/positive/not-equal.stf
[PASS] Transmitted (0) 00
Run success: ../../../../../nano-p4/testdata/positive/not-equal.stf

>>> Running simulation test (nano) on ../../../../../nano-p4/testdata/positive/packet-type-filter.p4 with packet input ../../../../../nano-p4/testdata/positive/packet-type-filter.stf
[PASS] Transmitted (0) 010000
Run success: ../../../../../nano-p4/testdata/positive/packet-type-filter.stf

>>> Running simulation test (nano) on ../../../../../nano-p4/testdata/positive/parser-assign-then-filter.p4 with packet input ../../../../../nano-p4/testdata/positive/parser-assign-then-filter.stf
[PASS] Transmitted (0) 003200
[PASS] Transmitted (0) 80C800
Run success: ../../../../../nano-p4/testdata/positive/parser-assign-then-filter.stf

>>> Running simulation test (nano) on ../../../../../nano-p4/testdata/positive/parser-local-var.p4 with packet input ../../../../../nano-p4/testdata/positive/parser-local-var.stf
[PASS] Transmitted (0) 010000
Run success: ../../../../../nano-p4/testdata/positive/parser-local-var.stf

>>> Running simulation test (nano) on ../../../../../nano-p4/testdata/positive/select-default.p4 with packet input ../../../../../nano-p4/testdata/positive/select-default.stf
[PASS] Transmitted (0) 010000
Run success: ../../../../../nano-p4/testdata/positive/select-default.stf

>>> Running simulation test (nano) on ../../../../../nano-p4/testdata/positive/select-then-filter.p4 with packet input ../../../../../nano-p4/testdata/positive/select-then-filter.stf
[PASS] Transmitted (0) 010500
Run success: ../../../../../nano-p4/testdata/positive/select-then-filter.stf

>>> Running simulation test (nano) on ../../../../../nano-p4/testdata/positive/select-two-states.p4 with packet input ../../../../../nano-p4/testdata/positive/select-two-states.stf
[PASS] Transmitted (0) 010000
[PASS] Transmitted (0) 020000
Run success: ../../../../../nano-p4/testdata/positive/select-two-states.stf

>>> Running simulation test (nano) on ../../../../../nano-p4/testdata/positive/src-addr-filter.p4 with packet input ../../../../../nano-p4/testdata/positive/src-addr-filter.stf
[PASS] Transmitted (0) 000100
Run success: ../../../../../nano-p4/testdata/positive/src-addr-filter.stf

>>> Running simulation test (nano) on ../../../../../nano-p4/testdata/positive/src-dst-check.p4 with packet input ../../../../../nano-p4/testdata/positive/src-dst-check.stf
[PASS] Transmitted (0) 000102
[PASS] Transmitted (0) 010102
Run success: ../../../../../nano-p4/testdata/positive/src-dst-check.stf

>>> Running simulation test (nano) on ../../../../../nano-p4/testdata/positive/src-protocol-filter.p4 with packet input ../../../../../nano-p4/testdata/positive/src-protocol-filter.stf
[PASS] Transmitted (0) 010600
[PASS] Transmitted (0) 011100
Run success: ../../../../../nano-p4/testdata/positive/src-protocol-filter.stf

>>> Running simulation test (nano) on ../../../../../nano-p4/testdata/positive/table-const-entries.p4 with packet input ../../../../../nano-p4/testdata/positive/table-const-entries.stf
[PASS] Transmitted (0) 010000
[PASS] Transmitted (0) 050000
Run success: ../../../../../nano-p4/testdata/positive/table-const-entries.stf

>>> Running simulation test (nano) on ../../../../../nano-p4/testdata/positive/table-no-entries.p4 with packet input ../../../../../nano-p4/testdata/positive/table-no-entries.stf
[PASS] Transmitted (0) 010203
[PASS] Transmitted (0) FF0000
Run success: ../../../../../nano-p4/testdata/positive/table-no-entries.stf

>>> Running simulation test (nano) on ../../../../../nano-p4/testdata/positive/table-with-action-arg.p4 with packet input ../../../../../nano-p4/testdata/positive/table-with-action-arg.stf
[PASS] Transmitted (0) 010000
Run success: ../../../../../nano-p4/testdata/positive/table-with-action-arg.stf

Running simulation test (nano): [EXCLUDE] 0/32 (0.00%) [PASS] 32/32 (100.00%) [FAIL] 0/32 (0.00%) [PATCH] 0/32 (0.00%)

Running simulation test (nano): [PATCH]: [EXCLUDE] 0/0 (0.00%) [PASS] 0/0 (0.00%) [FAIL] 0/0 (0.00%)
