Running simulation test (psa) on 26 files


>>> Running simulation test (psa) on ../../../../../p4c/testdata/p4_16_samples/hash-extern-bmv2.p4 with packet input ../../../../../p4c/testdata/p4_16_samples/hash-extern-bmv2.stf
Error on run: ../../../../../p4c/testdata/p4_16_samples/hash-extern-bmv2.stf (unknown)

>>> Running simulation test (psa) on ../../../../../p4c/testdata/p4_16_samples/internet_checksum1-bmv2.p4 with packet input ../../../../../p4c/testdata/p4_16_samples/internet_checksum1-bmv2.stf
Error on run: ../../../../../p4c/testdata/p4_16_samples/internet_checksum1-bmv2.stf (unknown)

>>> Running simulation test (psa) on ../../../../../p4c/testdata/p4_16_samples/psa-basic-counter-bmv2.p4 with packet input ../../../../../p4c/testdata/p4_16_samples/psa-basic-counter-bmv2.stf
[PASS] Transmitted (1) 000000000001000000000000FFFF
[PASS] Transmitted (1) 000000000001000000000000FFFF
[PASS] Transmitted (1) 000000000001000000000000FFFF
[PASS] Transmitted (1) 000000000001000000000000FFFF
Run success: ../../../../../p4c/testdata/p4_16_samples/psa-basic-counter-bmv2.stf

>>> Running simulation test (psa) on ../../../../../p4c/testdata/p4_16_samples/psa-bool-ternary-const-entry-bmv2.p4 with packet input ../../../../../p4c/testdata/p4_16_samples/psa-bool-ternary-const-entry-bmv2.stf
Excluding file: ../../../../../p4c/testdata/p4_16_samples/psa-bool-ternary-const-entry-bmv2.stf

>>> Running simulation test (psa) on ../../../../../p4c/testdata/p4_16_samples/psa-drop-all-bmv2.p4 with packet input ../../../../../p4c/testdata/p4_16_samples/psa-drop-all-bmv2.stf
Run success: ../../../../../p4c/testdata/p4_16_samples/psa-drop-all-bmv2.stf

>>> Running simulation test (psa) on ../../../../../p4c/testdata/p4_16_samples/psa-drop-all-corrected-bmv2.p4 with packet input ../../../../../p4c/testdata/p4_16_samples/psa-drop-all-corrected-bmv2.stf
Run success: ../../../../../p4c/testdata/p4_16_samples/psa-drop-all-corrected-bmv2.stf

>>> Running simulation test (psa) on ../../../../../p4c/testdata/p4_16_samples/psa-e2e-cloning-basic-bmv2.p4 with packet input ../../../../../p4c/testdata/p4_16_samples/psa-e2e-cloning-basic-bmv2.stf
Error on run: ../../../../../p4c/testdata/p4_16_samples/psa-e2e-cloning-basic-bmv2.stf

>>> Running simulation test (psa) on ../../../../../p4c/testdata/p4_16_samples/psa-end-of-ingress-test-bmv2.p4 with packet input ../../../../../p4c/testdata/p4_16_samples/psa-end-of-ingress-test-bmv2.stf
Error on run: ../../../../../p4c/testdata/p4_16_samples/psa-end-of-ingress-test-bmv2.stf

>>> Running simulation test (psa) on ../../../../../p4c/testdata/p4_16_samples/psa-example-dpdk-varbit-bmv2.p4 with packet input ../../../../../p4c/testdata/p4_16_samples/psa-example-dpdk-varbit-bmv2.stf
[PASS] Transmitted (0) AAAAAAAAAAAABBBBBBBBBBBB0800460102020303040464FFFFFF0A0A0A0A0B0B0B0BABCDEF0123456789
[PASS] Transmitted (0) AAAAAAAAAAAABBBBBBBBBBBB0800460102020303040464FFFFFF0A0A0A0A0B0B0B0B45041122ABCDEF0123456789
Run success: ../../../../../p4c/testdata/p4_16_samples/psa-example-dpdk-varbit-bmv2.stf

>>> Running simulation test (psa) on ../../../../../p4c/testdata/p4_16_samples/psa-example-register2-bmv2.p4 with packet input ../../../../../p4c/testdata/p4_16_samples/psa-example-register2-bmv2.stf
Error on run: ../../../../../p4c/testdata/p4_16_samples/psa-example-register2-bmv2.stf

>>> Running simulation test (psa) on ../../../../../p4c/testdata/p4_16_samples/psa-fwd-bmv2.p4 with packet input ../../../../../p4c/testdata/p4_16_samples/psa-fwd-bmv2.stf
Run success: ../../../../../p4c/testdata/p4_16_samples/psa-fwd-bmv2.stf

>>> Running simulation test (psa) on ../../../../../p4c/testdata/p4_16_samples/psa-i2e-cloning-basic-bmv2.p4 with packet input ../../../../../p4c/testdata/p4_16_samples/psa-i2e-cloning-basic-bmv2.stf
Error on run: ../../../../../p4c/testdata/p4_16_samples/psa-i2e-cloning-basic-bmv2.stf

>>> Running simulation test (psa) on ../../../../../p4c/testdata/p4_16_samples/psa-metadata-bmv2.p4 with packet input ../../../../../p4c/testdata/p4_16_samples/psa-metadata-bmv2.stf
Run success: ../../../../../p4c/testdata/p4_16_samples/psa-metadata-bmv2.stf

>>> Running simulation test (psa) on ../../../../../p4c/testdata/p4_16_samples/psa-meter7-bmv2.p4 with packet input ../../../../../p4c/testdata/p4_16_samples/psa-meter7-bmv2.stf
Error on run: ../../../../../p4c/testdata/p4_16_samples/psa-meter7-bmv2.stf

>>> Running simulation test (psa) on ../../../../../p4c/testdata/p4_16_samples/psa-multicast-basic-2-bmv2.p4 with packet input ../../../../../p4c/testdata/p4_16_samples/psa-multicast-basic-2-bmv2.stf
Error on run: ../../../../../p4c/testdata/p4_16_samples/psa-multicast-basic-2-bmv2.stf

>>> Running simulation test (psa) on ../../../../../p4c/testdata/p4_16_samples/psa-multicast-basic-bmv2.p4 with packet input ../../../../../p4c/testdata/p4_16_samples/psa-multicast-basic-bmv2.stf
Error on run: ../../../../../p4c/testdata/p4_16_samples/psa-multicast-basic-bmv2.stf

>>> Running simulation test (psa) on ../../../../../p4c/testdata/p4_16_samples/psa-multicast-basic-corrected-bmv2.p4 with packet input ../../../../../p4c/testdata/p4_16_samples/psa-multicast-basic-corrected-bmv2.stf
Error on run: ../../../../../p4c/testdata/p4_16_samples/psa-multicast-basic-corrected-bmv2.stf

>>> Running simulation test (psa) on ../../../../../p4c/testdata/p4_16_samples/psa-parser-error-test-bmv2.p4 with packet input ../../../../../p4c/testdata/p4_16_samples/psa-parser-error-test-bmv2.stf
[PASS] Transmitted (10) 000200000000000100000000080000000000000000000000000000000000
[PASS] Transmitted (11) 00010000000000020000000086DD00000000000000000000000000000000
[PASS] Transmitted (12) 0002000000000002000000008847000000
[PASS] Transmitted (13) 000100000000000100000000884700000000
Run success: ../../../../../p4c/testdata/p4_16_samples/psa-parser-error-test-bmv2.stf

>>> Running simulation test (psa) on ../../../../../p4c/testdata/p4_16_samples/psa-recirculate-no-meta-bmv2.p4 with packet input ../../../../../p4c/testdata/p4_16_samples/psa-recirculate-no-meta-bmv2.stf
[PASS] Transmitted (8) 00000000000B000000000003FFFF0000000100000007DEADBEEFDEADBEEF
Error on run: ../../../../../p4c/testdata/p4_16_samples/psa-recirculate-no-meta-bmv2.stf

>>> Running simulation test (psa) on ../../../../../p4c/testdata/p4_16_samples/psa-register-complex-bmv2.p4 with packet input ../../../../../p4c/testdata/p4_16_samples/psa-register-complex-bmv2.stf
Error on run: ../../../../../p4c/testdata/p4_16_samples/psa-register-complex-bmv2.stf

>>> Running simulation test (psa) on ../../../../../p4c/testdata/p4_16_samples/psa-register-read-write-2-bmv2.p4 with packet input ../../../../../p4c/testdata/p4_16_samples/psa-register-read-write-2-bmv2.stf
Error on run: ../../../../../p4c/testdata/p4_16_samples/psa-register-read-write-2-bmv2.stf (unknown)

>>> Running simulation test (psa) on ../../../../../p4c/testdata/p4_16_samples/psa-register-read-write-bmv2.p4 with packet input ../../../../../p4c/testdata/p4_16_samples/psa-register-read-write-bmv2.stf
Error on run: ../../../../../p4c/testdata/p4_16_samples/psa-register-read-write-bmv2.stf

>>> Running simulation test (psa) on ../../../../../p4c/testdata/p4_16_samples/psa-resubmit-bmv2.p4 with packet input ../../../../../p4c/testdata/p4_16_samples/psa-resubmit-bmv2.stf
Error on run: ../../../../../p4c/testdata/p4_16_samples/psa-resubmit-bmv2.stf

>>> Running simulation test (psa) on ../../../../../p4c/testdata/p4_16_samples/psa-top-level-assignments-bmv2.p4 with packet input ../../../../../p4c/testdata/p4_16_samples/psa-top-level-assignments-bmv2.stf
[PASS] Transmitted (3) CAFED00DBEAD1234567890ABFFFF
[PASS] Transmitted (3) A5A5A5A5A5A51B1B1B1B1B1BFFFF
[PASS] Transmitted (3) 314159265358271828182845FFFF
[PASS] Transmitted (3) 0000FFFF0000FFFF0000FFFFFFFF
Run success: ../../../../../p4c/testdata/p4_16_samples/psa-top-level-assignments-bmv2.stf

>>> Running simulation test (psa) on ../../../../../p4c/testdata/p4_16_samples/psa-unicast-or-drop-bmv2.p4 with packet input ../../../../../p4c/testdata/p4_16_samples/psa-unicast-or-drop-bmv2.stf
[PASS] Transmitted (1) 000000000001000000000000FFFF00000001000000000000000200000000
[PASS] Transmitted (2) 000000000002000000000001FFFF00000002000000000000000200000001
[PASS] Transmitted (3) 000000000003000000000000FFFF00000003000000000000000200000000
[PASS] Transmitted (5) 000000000005000000000001FFFF00000005000000000000000200000001
Run success: ../../../../../p4c/testdata/p4_16_samples/psa-unicast-or-drop-bmv2.stf

>>> Running simulation test (psa) on ../../../../../p4c/testdata/p4_16_samples/psa-unicast-or-drop-corrected-bmv2.p4 with packet input ../../../../../p4c/testdata/p4_16_samples/psa-unicast-or-drop-corrected-bmv2.stf
[PASS] Transmitted (1) 000000000001000000000000FFFF
[PASS] Transmitted (2) 000000000002000000000000FFFF
[PASS] Transmitted (3) 000000000003000000000000FFFF
Run success: ../../../../../p4c/testdata/p4_16_samples/psa-unicast-or-drop-corrected-bmv2.stf

Running simulation test (psa): [EXCLUDE] 1/26 (3.85%) [PASS] 10/26 (38.46%) [FAIL] 15/26 (57.69%)
