== Function bodies

ifdef::backend-html5[]
.Click to view the specification source
[%collapsible]
====
[source,watsup]
----
def $identity(value) = value

def $use() = $identity(0)
----
====

[.empty]
--


--

endif::[]

ifdef::backend-html5[]
[latexmath]
++++
\begin{gathered}
\begin{aligned}
\mathrm{use}\left(\right) & = & \href{#function_latex_identity}{\mathrm{identity}}\left(0\right)
\end{aligned}
\end{gathered}
++++
endif::[]

****
$use

. Return xref:function_prose_identity[identity of ``0``].+++<sub class="bk-mark">[FAIL]</sub>+++
****
