== Function titles

++++
<span id="function_latex_identity"></span>
++++
ifdef::backend-html5[]
[latexmath]
++++
\begin{gathered}
\mathrm{identity}\left(\mathbb{N}\right) : \mathbb{N}
\end{gathered}
++++
endif::[]

++++
<span id="function_prose_identity"></span>
++++
[.sidebar-title]
****
xref:function_prose_identity[Identity of ``value``]
****
