warning[splice/keys-unused]: unused 0 syntax splices out of 0 (0.00%)

warning[splice/keys-unused]: unused 0 relation-title-source splices out of 0 (0.00%)

warning[splice/keys-unused]: unused 0 relation-title-latex splices out of 0 (0.00%)

warning[splice/keys-unused]: unused 0 relation-title-prose splices out of 0 (0.00%)

warning[splice/keys-unused]: unused 0 rulegroup-prose-else splices out of 0 (0.00%)

warning[splice/keys-unused]: unused 0 rulegroup-source splices out of 0 (0.00%)

warning[splice/keys-unused]: unused 0 rulegroup-latex splices out of 0 (0.00%)

warning[splice/keys-unused]: unused 0 rulegroup-prose splices out of 0 (0.00%)

warning[splice/keys-unused]: unused 0 rulegroup-dispatch-prose splices out of 0 (0.00%)

warning[splice/keys-unused]: unused 2 func-title-source splices out of 2 (100.00%)
 = identity, use

warning[splice/keys-unused]: unused 1 func-title-latex splices out of 2 (50.00%)
 = use

warning[splice/keys-unused]: unused 1 func-title-prose splices out of 2 (50.00%)
 = use

warning[splice/keys-unused]: unused 0 func-source splices out of 2 (0.00%)

warning[splice/keys-unused]: unused 1 func-latex splices out of 2 (50.00%)
 = identity

warning[splice/keys-unused]: unused 1 func-prose splices out of 2 (50.00%)
 = identity

warning[splice/keys-unused]: unused 0 table-source splices out of 0 (0.00%)

warning[splice/keys-unused]: unused 0 table-latex splices out of 0 (0.00%)

warning[splice/keys-unused]: unused 0 table-prose splices out of 0 (0.00%)

