=== hint-prose-fields-arity.watsup ===
error[prose/hint-fields-arity-mismatch]: hint `prose_fields` has 2 field names, but the syntax case has 1 field
  --> hint-prose-fields-arity.watsup:2:29
  |
2 |   hint(prose_fields "field" "extra")
  |                             ^^^^^^^
=== hint-prose-fields-shape.watsup ===
error[prose/hint-fields-text-expected]: hint `prose_fields` field names must be text literals, but got `0`
  --> hint-prose-fields-shape.watsup:2:21
  |
2 |   hint(prose_fields 0)
  |                     ^
=== hint-prose-index-out-of-range.watsup ===
error[prose/hint-placeholder-out-of-bounds]: hint `prose_in` placeholder `%9` selects index 9, but only 1 value is available
  --> hint-prose-index-out-of-range.watsup:2:17
  |
2 |   hint(prose_in %9)
  |                 ^^
