=== command-error ===
error: command failed

  source: command
=== command-boot-source-conflict ===
error[command/boot-source-conflict]: options `-boot-dir` and `-boot-file` cannot be used together
=== command-boot-source-required ===
error[command/boot-source-required]: either `-boot-dir` or `-boot-file` is required
=== command-splice-file-count-mismatch ===
error[command/splice-file-count-mismatch]: splice expects equal numbers of input and output files, but got 2 input files and 1 output file
=== boot-unsupported-interface ===
error[boot/unsupported-interface]: P4 interface is supported only at the target level
=== interp-al-duplicate-type ===
error: type `Dup` was already defined

  source: interp
=== interp-sl-duplicate-type ===
error: type `Dup` was already defined

  source: interp
=== interp-pl-duplicate-type ===
error: type `Dup` was already defined

  source: interp
=== parse-al-diagnostic ===

=== parse-sl-diagnostic ===

=== sim-unsupported-architecture ===
error[sim/unsupported-architecture]: architecture `unsupported` is not supported
