=== interp-al-syntax-diagnostic ===

=== interp-sl-syntax-diagnostic ===

=== interp-pl-syntax-diagnostic ===

=== interp-al-extern-diagnostic ===

=== interp-sl-extern-diagnostic ===

=== interp-pl-extern-diagnostic ===

=== interp-al-backtrack ===
error: invocation of relation R failed

  source: interp

  trace:
  application of rule R/zero/zero failed
  └── cases/interp/backtrack.watsup:7.3-7.4
      condition (nat = 0) was not met
=== interp-sl-backtrack ===
error: relation R failed

  source: interp

  trace:
  cases/interp/backtrack.watsup:7.3-7.4
  condition (nat = 0) was not met
=== interp-pl-backtrack ===
error: relation R failed

  source: interp

  trace:
  cases/interp/backtrack.watsup:7.3-7.4
  condition (nat = 0) was not met
=== interp-al-extern-failtraces ===
error: invocation of relation R failed

  source: interp

  trace:
  application of rule R/extern/extern failed
  └── cases/interp/external.watsup:15.6-15.29
      invocation of relation ExternFunctionCall_eval failed
      └── external relation failed
          └── external leaf
=== interp-sl-extern-failtraces ===
error: relation R failed

  source: interp

  trace:
  cases/interp/external.watsup:15.6-15.29
  relation ExternFunctionCall_eval failed
  └── external relation failed
      └── external leaf
=== interp-pl-extern-failtraces ===
error: relation R failed

  source: interp

  trace:
  cases/interp/external.watsup:13.7-13.14
  0. Group extern: x |- %

  1. (ExternFunctionCall_eval: x |- y)

  2. Result in: % |- y failed
  └── cases/interp/external.watsup:15.6-15.37
      0. (ExternFunctionCall_eval: x |- y) failed
      └── cases/interp/external.watsup:15.6-15.29
          relation ExternFunctionCall_eval failed
          └── external relation failed
              └── external leaf
