[escaping]
\mathit{x\_i} = \texttt{\#\$\%\&\_\{\}}\backslash{}\hat{}\sim{}
[math-escaping]
\mathit{\#\$\%\&\_\{\}\backslash{}\hat{}\sim{}}
[badge]
{\definecolor{ellatexrulelabelbg}{rgb}{0.94,0.94,0.92}\fcolorbox{black}{ellatexrulelabelbg}{\scriptsize \texttt{Rule\_\$\#\%\&\{\}}\backslash{}\hat{}\sim{}}}
[empty-badge]

[badge-width]
10
[linked-badge]
\href{#rule_label}{{\definecolor{ellatexrulelabelbg}{rgb}{0.94,0.94,0.92}\fcolorbox{black}{ellatexrulelabelbg}{\scriptsize \texttt{Rule\_label}}}}
[badge-balanced]
true
[badge-link-stripping]
\mathrlap{\displaystyle \begin{array}{rcl}
\href{#badge}{{\definecolor{ellatexrulelabelbg}{rgb}{0.94,0.94,0.92}\fcolorbox{black}{ellatexrulelabelbg}{\scriptsize \texttt{Rule\_label}}}} & = & \mathit{value} \\
\mathrlap{\displaystyle \quad\text{if}\,\mathit{condition\_that\_is\_deliberately\_wider\_than\_the\_badge}}\smash{\hphantom{\begin{array}{r}
{\definecolor{ellatexrulelabelbg}{rgb}{0.94,0.94,0.92}\fcolorbox{black}{ellatexrulelabelbg}{\scriptsize \texttt{Rule\_label}}}
\end{array}}} &  &
\end{array}}\smash{\hphantom{\begin{array}{l}
\begin{array}{rcl}
{\definecolor{ellatexrulelabelbg}{rgb}{0.94,0.94,0.92}\fcolorbox{black}{ellatexrulelabelbg}{\scriptsize \texttt{Rule\_label}}} & = & \mathit{value}
\end{array} \\
\quad\text{if}\,\mathit{condition\_that\_is\_deliberately\_wider\_than\_the\_badge}
\end{array}}}
[nesting]
{\left(\mathit{x} + \mathit{y}\right)}^{\ast}
[fraction]
\frac{\mathit{p}}{\mathit{q}}
[display-fraction]
{\displaystyle \frac{\mathit{p}}{\mathit{q}}}
[aligned]
\begin{aligned}
\mathit{a} & = & \mathit{b} \\
\mathit{c} & = & \mathit{d}
\end{aligned}
[gathered]
\begin{gathered}
\mathit{a} \\[1ex]
\mathit{b}
\end{gathered}
[gathered-normalized]
\begin{gathered}
\mathit{a} \\[1ex]
\mathit{b}
\end{gathered}
[balanced]
true
[empty]

[comma-separated]
\mathit{x}, \mathit{y}
[empty-comma-separated]

[all-empty-comma-separated]

[juxtaposed]
\mathit{p}\,\mathit{TC}
[fill-flat-filtered]
\mathit{aa}\,\mathit{bb}
[fill-empty]

[fill-all-empty]

[fill-singleton]
\mathit{only}
[fill-negative-indent]
true
[nest-negative-indent]
true
[fill-width]
6
[stacked]
\begin{aligned}
& \mathit{condition\_1} \\
& \mathit{condition\_2}
\end{aligned}
[empty-stacked]

[link]
\href{#call_fn'}{\mathrm{call\_fn'}}
[empty-link]

[fallback-link]
\href{#relation_target}{\mathit{p} \vdash }\href{#call_fn}{\mathrm{call\_fn}}\href{#relation_target}{ \left(\mathit{x}\right) = \mathit{y}}
[empty-fallback-link]

[unlinked-fallback-link]
\href{#relation_target}{\mathit{x} = \mathit{y}}
[numbered-filtered]
\begin{array}{r@{\quad}l}
{\scriptstyle\mathtt{(1)}} & \mathit{first} \\
{\scriptstyle\mathtt{(2)}} & \mathit{second}
\end{array}
[empty-numbered]

[all-empty-numbered]

[numbered-width]
11
[numbered-ten]
\begin{array}{r@{\quad}l}
{\scriptstyle\mathtt{(1)}} & \mathit{x} \\
{\scriptstyle\mathtt{(2)}} & \mathit{x} \\
{\scriptstyle\mathtt{(3)}} & \mathit{x} \\
{\scriptstyle\mathtt{(4)}} & \mathit{x} \\
{\scriptstyle\mathtt{(5)}} & \mathit{x} \\
{\scriptstyle\mathtt{(6)}} & \mathit{x} \\
{\scriptstyle\mathtt{(7)}} & \mathit{x} \\
{\scriptstyle\mathtt{(8)}} & \mathit{x} \\
{\scriptstyle\mathtt{(9)}} & \mathit{x} \\
{\scriptstyle\mathtt{(10)}} & \mathit{x}
\end{array}
[numbered-continuation]
\begin{array}{r@{\quad}l}
{\scriptstyle\mathtt{(1)}} & \mathit{alpha} \\
 & \quad\mathit{beta} \\
{\scriptstyle\mathtt{(2)}} & \mathit{tail}
\end{array}
[numbered-links]
\begin{array}{r@{\quad}l}
{\scriptstyle\mathtt{(1)}} & \href{#first_premise}{\mathit{first}} \\
{\scriptstyle\mathtt{(2)}} & \href{#relation}{\mathit{second}}
\end{array}
[numbered-unlinked-fallback]
\begin{array}{r@{\quad}l}
{\scriptstyle\mathtt{(1)}} & \href{#relation}{\mathit{first}} \\
{\scriptstyle\mathtt{(2)}} & \href{#relation}{\mathit{second}}
\end{array}
[numbered-nested-fallback]
{\displaystyle \href{#relation}{\mathit{before} }{\begin{array}{r@{\quad}l}
{\scriptstyle\mathtt{(1)}} & \href{#relation}{\mathit{first}} \\
{\scriptstyle\mathtt{(2)}} & \href{#relation}{\mathit{second}}
\end{array}}\href{#relation}{ \mathit{after}}}
[numbered-balanced]
true
[styled-width]
9
[decimal-width]
30
[hex-width]
33
[spacing-width]
6
[script-width]
9
[fraction-width]
11
[link-width]
12
[flat-above-boundary]
\mathit{1234} \mathit{5678}
[flat-at-boundary]
\mathit{1234} \mathit{5678}
[broken-over-boundary]
\begin{array}{l}
\mathit{1234} \\
\quad\mathit{5678}
\end{array}
[group-with-pending-suffix]
\begin{array}{l}
\mathit{abc} \\
\mathit{def}\mathit{XYZ}
\end{array}
[broken-suffix-line-awareness]
\begin{array}{l}
\mathit{aaa} \mathit{bbb} \\
\mathit{cc}
\end{array}
[nested-layout]
\begin{array}{l}
\mathit{outer} \\
\quad\mathit{inner} \\
\quad\quad\mathit{continuation}
\end{array}
[nested-delimiter-column]
\begin{array}{l}
\mathit{head} \\
\quad\left(\begin{array}{l}
\mathit{abc} \\
\quad\mathit{def}
\end{array}\right)
\end{array}
[delimiter-closing-boundary]
\left(\begin{array}{l}
\mathit{1234} \\
\mathit{5678}
\end{array}\right)
[direct-delimiter-closing-boundary]
\left(\begin{array}{l}
\mathit{1234} \\
\mathit{5678}
\end{array}\right)
[subscript-base-reservation-boundary]
{\begin{array}{l}
\mathit{12345} \\
\mathit{6789}
\end{array}}_{\mathit{xy}}
[direct-superscript-half-width-boundary]
{\mathit{12345}}^{\mathit{abcd} \mathit{efgh}}
[soft-comma-list]
\left(\begin{array}{l}
\mathit{alpha}, \\
\mathit{beta}, \\
\mathit{gamma}
\end{array}\right)
[fill-exact-fit]
\mathit{aaa} \mathit{bbb}
[fill-one-over]
\begin{array}{l}
\mathit{aaa} \\
\mathit{bbb}
\end{array}
[fill-greedy-two-lines]
\begin{array}{l}
\mathit{aaa} \mathit{bbb} \\
\mathit{ccc}
\end{array}
[fill-greedy-three-lines]
\begin{array}{l}
\mathit{aaa} \\
\mathit{bbb} \\
\mathit{ccc}
\end{array}
[fill-indented]
\begin{array}{l}
\mathit{aaa} \mathit{bbb} \\
\quad\mathit{ccc}
\end{array}
[fill-pending-suffix]
\begin{array}{l}
\mathit{aaa} \\
\mathit{bbb}\mathit{XYZ}
\end{array}
[fill-nested-item]
\begin{array}{l}
\mathit{aaa} \\
\quad\mathit{dddd} \\
\quad\mathit{eeee} \mathit{f}
\end{array}
[fill-links]
\begin{array}{l}
\href{#first}{\mathit{aaa}} \href{#relation}{\mathit{bbb}} \\
\href{#relation}{\mathit{ccc}}
\end{array}
[fill-nested-fallback]
{\displaystyle \begin{array}{l}
\href{#relation}{\mathit{before} }\href{#relation}{\mathit{aaa}} \\
\href{#relation}{\mathit{bbb}}\href{#relation}{ \mathit{after}}
\end{array}}
[fill-grid-link-stripping]
\mathrlap{\displaystyle \begin{array}{l}
\href{#first}{\mathit{aaa}} \href{#second}{\mathit{bbb}} \\
\mathrlap{\displaystyle \mathit{tail}}\smash{\hphantom{\begin{array}{r}
\mathit{aaa} \mathit{bbb}
\end{array}}}
\end{array}}\smash{\hphantom{\begin{array}{l}
\begin{array}{l}
\mathit{aaa} \mathit{bbb}
\end{array} \\
\mathit{tail}
\end{array}}}
[spanning-grid]
\mathrlap{\displaystyle \begin{array}{rcl}
\mathit{f(x)} & = & \mathit{short} \\
\mathrlap{\displaystyle \quad\text{if}\,\mathit{condition}}\smash{\hphantom{\begin{array}{r}
\mathit{f(x)}
\end{array}}} &  &
\end{array}}\smash{\hphantom{\begin{array}{l}
\begin{array}{rcl}
\mathit{f(x)} & = & \mathit{short}
\end{array} \\
\quad\text{if}\,\mathit{condition}
\end{array}}}
[grid-row-gap]
\begin{array}{lcl}
\mathit{f(x)} & = & \mathit{first} \\[1ex]
\mathit{f(long)} & = & \mathit{second}
\end{array}
[mathjax-spanning-grid]
\mathrlap{\displaystyle \begin{array}{rcl}
\mathrm{call}\left(\href{#lhs_arg}{\mathit{argument}}\right) & = & \mathit{result} \\
\mathrlap{\displaystyle \quad\text{if}\,\href{#condition}{\mathit{condition}}}\smash{\hphantom{\begin{array}{r}
\mathrm{call}\left(\mathit{argument}\right)
\end{array}}} &  &
\end{array}}\smash{\hphantom{\begin{array}{l}
\begin{array}{rcl}
\mathrm{call}\left(\mathit{argument}\right) & = & \mathit{result}
\end{array} \\
\quad\text{if}\,\mathit{condition}
\end{array}}}
[spanning-only-grid]
\begin{array}{l}
\quad\text{if}\,\mathit{condition} \\
\mathit{a\_much\_longer\_condition}
\end{array}
[mixed-grid-width-envelope]
\mathrlap{\displaystyle \begin{array}{rcl}
\href{#cell}{\mathit{x}} & = & \mathit{y} \\
\mathrlap{\displaystyle \quad\text{if}\,\href{#wide_condition}{\mathit{condition\_that\_is\_deliberately\_wider\_than\_the\_equation}}}\smash{\hphantom{\begin{array}{r}
\mathit{x}
\end{array}}} &  &
\end{array}}\smash{\hphantom{\begin{array}{l}
\begin{array}{rcl}
\mathit{x} & = & \mathit{y}
\end{array} \\
\quad\text{if}\,\mathit{condition\_that\_is\_deliberately\_wider\_than\_the\_equation}
\end{array}}}
[mixed-grid-order]
\mathrlap{\displaystyle \begin{array}{l}
\mathit{cell\_first} \\
\mathrlap{\displaystyle \mathit{span\_first}}\smash{\hphantom{\begin{array}{r}
\mathit{cell\_first} \\
\mathit{cell\_second}
\end{array}}} \\
\mathit{cell\_second} \\
\mathrlap{\displaystyle \mathit{span\_second}}\smash{\hphantom{\begin{array}{r}
\mathit{cell\_first} \\
\mathit{cell\_second}
\end{array}}}
\end{array}}\smash{\hphantom{\begin{array}{l}
\begin{array}{l}
\mathit{cell\_first} \\
\mathit{cell\_second}
\end{array} \\
\mathit{span\_first} \\
\mathit{span\_second}
\end{array}}}
[aligned-complementary-cell-budgets]
\begin{aligned}
\begin{array}{l}
\mathit{aaaaa} \\
\quad\mathit{bbbbb}
\end{array} & = & \mathit{x} \\
\mathit{y} & = & \begin{array}{l}
\mathit{ccccc} \\
\quad\mathit{ddddd}
\end{array}
\end{aligned}
[grid-complementary-cell-budgets]
\begin{array}{rcl}
\begin{array}{l}
\mathit{aaaaa} \\
\quad\mathit{bbbbb}
\end{array} & = & \mathit{x} \\
\mathit{y} & = & \begin{array}{l}
\mathit{ccccc} \\
\quad\mathit{ddddd}
\end{array}
\end{array}
[grid-stable-column-recompute]
\begin{array}{rcl}
\begin{array}{l}
\mathit{aaaaaaaaaa} \\
\mathit{bbbbbbbbbb}
\end{array} & = & \mathit{x} \\
\mathit{y} & = & \mathit{ccccc} \mathit{ddddd}
\end{array}
[grid-nested-cell-budget]
\begin{array}{rcl}
\mathit{lllll} & = & \begin{array}{l}
\mathit{z} \\
\quad\mathit{cccc} \\
\quad\mathit{dddd}
\end{array}
\end{array}
[left-stack]
\begin{array}{l}
\mathtt{Rule-name} \\
\frac{\mathit{premise}}{\mathit{result}}
\end{array}
[empty-left-stack]

[empty-grid]

[bad-width]
true
[bad-grid-row]
true
[grid-missing-columns]
true
[line-wise-link-fallback]
\begin{array}{l}
\href{#relation}{\mathit{left}} \\
\href{#relation}{\quad}\href{#function}{\mathrm{call}} \\
\href{#relation}{\quad\mathit{right}}
\end{array}
[base-types]
\mathbb{B} \mathbb{N} \mathbb{Z} \mathbb{T}
[unary-operators]
\neg + -
[binary-operators]
\land \lor \Rightarrow \Leftrightarrow + - \cdot / \bmod <superscript>
[comparison-operators]
= \ne < > \le \ge
\mathsf{BOOL} | <empty> | \mathbin{\mathtt{<+>}} | \mathrel{<:} | \mathrel{:>} | \mathrel{\vdash} | \mathrel{\dashv} | \to | <sub>\to | <sub>\Rightarrow | \Longrightarrow | \hookrightarrow | {\hookrightarrow}^{\ast} | {.} | .. | \ldots | ; | : | \mathrel{:=} | \sim | \setminus | < | > | ( | ) | [ | ] | \{ | \}
