[escaping]
\mathit{x\_i} = \texttt{\#\$\%\&\_\{\}}\backslash{}\hat{}\sim{}
[fraction]
\frac{\mathit{p}}{\mathit{q}}
[link]
\href{#call_fn'}{\mathrm{call\_fn'}}
[numbered-filtered]
\begin{array}{r@{\quad}l}
{\scriptstyle\mathtt{(1)}} & \mathit{first} \\
{\scriptstyle\mathtt{(2)}} & \mathit{second}
\end{array}
[styled-width]
9
[flat-at-boundary]
\mathit{1234} \mathit{5678}
[broken-over-boundary]
\begin{array}{l}
\mathit{1234} \\
\quad\mathit{5678}
\end{array}
[grid-row-gap]
\begin{array}{lcl}
\mathit{f(x)} & = & \mathit{first} \\[1ex]
\mathit{f(long)} & = & \mathit{second}
\end{array}
