## valid
(no diagnostics)

## parse error
{"code":"parse/unexpected-token","message":"unexpected end of input","range":{"end":{"character":0,"line":3},"start":{"character":0,"line":3}},"severity":1,"source":"parse"}

## unclosed text literal
{"code":"parse/unclosed-text-literal","message":"unclosed text literal","range":{"end":{"character":4,"line":0},"start":{"character":4,"line":0}},"severity":1,"source":"parse"}

## elab error
{"code":"elab/type-undefined","message":"type `foo` is undefined","range":{"end":{"character":14,"line":0},"start":{"character":11,"line":0}},"severity":1,"source":"elab"}

## warning
{"code":"elab/relation-no-input-hint","message":"relation `Foo_ok` has no input hint","range":{"end":{"character":23,"line":1},"start":{"character":0,"line":1}},"severity":2,"source":"elab"}

## related location
{"code":"elab/call-arg-arity-mismatch","message":"function `f` expects 2 arguments, but got 1","range":{"end":{"character":14,"line":2},"start":{"character":9,"line":2}},"relatedInformation":[{"location":{"range":{"end":{"character":7,"line":0},"start":{"character":5,"line":0}},"uri":"file://<root>/standalone.watsup"},"message":"function declared here"}],"severity":1,"source":"elab"}

## detail
{"code":"elab/iter-otherwise-premise","message":"cannot iterate an `otherwise` premise\n`otherwise` selects one fallback path for the rule, so it cannot be repeated by an iteration.","range":{"end":{"character":15,"line":5},"start":{"character":6,"line":5}},"severity":1,"source":"elab"}

## failure trace
{"message":"elaboration of expression true as type nat failed\n  cannot cast bool to nat","range":{"end":{"character":13,"line":1},"start":{"character":9,"line":1}},"relatedInformation":[{"location":{"range":{"end":{"character":13,"line":1},"start":{"character":9,"line":1}},"uri":"file://<root>/standalone.watsup"},"message":"cannot cast bool to nat"}],"severity":1,"source":"elab"}

## UTF-16
{"code":"parse/unexpected-character","message":"unexpected character `@`","range":{"end":{"character":11,"line":0},"start":{"character":10,"line":0}},"severity":1,"source":"parse"}

## UTF-8
{"code":"parse/unexpected-character","message":"unexpected character `@`","range":{"end":{"character":14,"line":0},"start":{"character":13,"line":0}},"severity":1,"source":"parse"}

named source regions: ok
## sibling error from edited definition
{"code":"elab/type-undefined","message":"in 2-use.watsup: type `t` is undefined","range":{"end":{"character":0,"line":0},"start":{"character":0,"line":0}},"relatedInformation":[{"location":{"range":{"end":{"character":12,"line":0},"start":{"character":11,"line":0}},"uri":"file://<root>/2-use.watsup"},"message":"type `t` is undefined"}],"severity":1,"source":"elab"}

discovery, overlay, repair, new file, nested root: ok
new file order before and after save: ok
symlink roots: ok
I/O failure, exception containment, recovery: ok
