Running interpreter test (Program_ok) on 21 files


>>> Running interpreter test (Program_ok) on ../../../nano-p4/testdata/negative/action-multiple-params-wrong-order.p4
Error on run: ../../../nano-p4/testdata/negative/action-multiple-params-wrong-order.p4

>>> Running interpreter test (Program_ok) on ../../../nano-p4/testdata/negative/bit-arith-mixed-widths.p4
Error on run: ../../../nano-p4/testdata/negative/bit-arith-mixed-widths.p4

>>> Running interpreter test (Program_ok) on ../../../nano-p4/testdata/negative/bit-compare-bool-vs-bit.p4
Error on run: ../../../nano-p4/testdata/negative/bit-compare-bool-vs-bit.p4

>>> Running interpreter test (Program_ok) on ../../../nano-p4/testdata/negative/bit-compare-literal-bool-operand.p4
Error on run: ../../../nano-p4/testdata/negative/bit-compare-literal-bool-operand.p4

>>> Running interpreter test (Program_ok) on ../../../nano-p4/testdata/negative/bit-compare-lt-mixed-widths.p4
Error on run: ../../../nano-p4/testdata/negative/bit-compare-lt-mixed-widths.p4

>>> Running interpreter test (Program_ok) on ../../../nano-p4/testdata/negative/bit-logical-mixed-widths.p4
Error on run: ../../../nano-p4/testdata/negative/bit-logical-mixed-widths.p4

>>> Running interpreter test (Program_ok) on ../../../nano-p4/testdata/negative/bitwise-not-bool.p4
Error on run: ../../../nano-p4/testdata/negative/bitwise-not-bool.p4

>>> Running interpreter test (Program_ok) on ../../../nano-p4/testdata/negative/bool-literal-arith-on-bool.p4
Error on run: ../../../nano-p4/testdata/negative/bool-literal-arith-on-bool.p4

>>> Running interpreter test (Program_ok) on ../../../nano-p4/testdata/negative/conditional-nested-non-bool-condition.p4
Error on run: ../../../nano-p4/testdata/negative/conditional-nested-non-bool-condition.p4

>>> Running interpreter test (Program_ok) on ../../../nano-p4/testdata/negative/field-access-assign-wrong-type.p4
Error on run: ../../../nano-p4/testdata/negative/field-access-assign-wrong-type.p4

>>> Running interpreter test (Program_ok) on ../../../nano-p4/testdata/negative/logical-not-on-bit.p4
Error on run: ../../../nano-p4/testdata/negative/logical-not-on-bit.p4

>>> Running interpreter test (Program_ok) on ../../../nano-p4/testdata/negative/parser-local-var-wrong-select-type.p4
Error on run: ../../../nano-p4/testdata/negative/parser-local-var-wrong-select-type.p4

>>> Running interpreter test (Program_ok) on ../../../nano-p4/testdata/negative/table-actions-duplicate-name.p4
Error on run: ../../../nano-p4/testdata/negative/table-actions-duplicate-name.p4

>>> Running interpreter test (Program_ok) on ../../../nano-p4/testdata/negative/table-actions-no-data-plane-params.p4
Error on run: ../../../nano-p4/testdata/negative/table-actions-no-data-plane-params.p4

>>> Running interpreter test (Program_ok) on ../../../nano-p4/testdata/negative/table-const-entries-action-not-in-list.p4
Error on run: ../../../nano-p4/testdata/negative/table-const-entries-action-not-in-list.p4

>>> Running interpreter test (Program_ok) on ../../../nano-p4/testdata/negative/table-with-action-arg-entry-data-mismatch.p4
Error on run: ../../../nano-p4/testdata/negative/table-with-action-arg-entry-data-mismatch.p4

>>> Running interpreter test (Program_ok) on ../../../nano-p4/testdata/negative/write-to-in-parameter.p4
Error on run: ../../../nano-p4/testdata/negative/write-to-in-parameter.p4

>>> Running interpreter test (Program_ok) on ../../../nano-p4/testdata/negative/wrong-action-arg-type.p4
Error on run: ../../../nano-p4/testdata/negative/wrong-action-arg-type.p4

>>> Running interpreter test (Program_ok) on ../../../nano-p4/testdata/negative/wrong-arg-type.p4
Error on run: ../../../nano-p4/testdata/negative/wrong-arg-type.p4

>>> Running interpreter test (Program_ok) on ../../../nano-p4/testdata/negative/wrong-entry-key-type.p4
Error on run: ../../../nano-p4/testdata/negative/wrong-entry-key-type.p4

>>> Running interpreter test (Program_ok) on ../../../nano-p4/testdata/negative/wrong-width.p4
Error on run: ../../../nano-p4/testdata/negative/wrong-width.p4

Running interpreter test (Program_ok): [EXCLUDE] 0/21 (0.00%) [PASS] 0/21 (0.00%) [FAIL] 21/21 (100.00%) [PATCH] 0/21 (0.00%)

Running interpreter test (Program_ok): [PATCH]: [EXCLUDE] 0/0 (0.00%) [PASS] 0/0 (0.00%) [FAIL] 0/0 (0.00%)
