Running interpreter test (Program_ok) on 32 files


>>> Running interpreter test (Program_ok) on ../../../nano-p4/testdata/positive/action-call-table-1.p4
Run success: ../../../nano-p4/testdata/positive/action-call-table-1.p4

>>> Running interpreter test (Program_ok) on ../../../nano-p4/testdata/positive/action-call-table-2.p4
Run success: ../../../nano-p4/testdata/positive/action-call-table-2.p4

>>> Running interpreter test (Program_ok) on ../../../nano-p4/testdata/positive/action-call.p4
Run success: ../../../nano-p4/testdata/positive/action-call.p4

>>> Running interpreter test (Program_ok) on ../../../nano-p4/testdata/positive/bit-arith.p4
Run success: ../../../nano-p4/testdata/positive/bit-arith.p4

>>> Running interpreter test (Program_ok) on ../../../nano-p4/testdata/positive/bit-compare-literal.p4
Run success: ../../../nano-p4/testdata/positive/bit-compare-literal.p4

>>> Running interpreter test (Program_ok) on ../../../nano-p4/testdata/positive/bit-compare-lt.p4
Run success: ../../../nano-p4/testdata/positive/bit-compare-lt.p4

>>> Running interpreter test (Program_ok) on ../../../nano-p4/testdata/positive/bit-compare.p4
Run success: ../../../nano-p4/testdata/positive/bit-compare.p4

>>> Running interpreter test (Program_ok) on ../../../nano-p4/testdata/positive/bit-logical.p4
Run success: ../../../nano-p4/testdata/positive/bit-logical.p4

>>> Running interpreter test (Program_ok) on ../../../nano-p4/testdata/positive/bool-literal.p4
Run success: ../../../nano-p4/testdata/positive/bool-literal.p4

>>> Running interpreter test (Program_ok) on ../../../nano-p4/testdata/positive/conditional-nested.p4
Run success: ../../../nano-p4/testdata/positive/conditional-nested.p4

>>> Running interpreter test (Program_ok) on ../../../nano-p4/testdata/positive/dst-broadcast.p4
Run success: ../../../nano-p4/testdata/positive/dst-broadcast.p4

>>> Running interpreter test (Program_ok) on ../../../nano-p4/testdata/positive/field-access.p4
Run success: ../../../nano-p4/testdata/positive/field-access.p4

>>> Running interpreter test (Program_ok) on ../../../nano-p4/testdata/positive/free-pass.p4
Run success: ../../../nano-p4/testdata/positive/free-pass.p4

>>> Running interpreter test (Program_ok) on ../../../nano-p4/testdata/positive/global-action-multiple-params.p4
Run success: ../../../nano-p4/testdata/positive/global-action-multiple-params.p4

>>> Running interpreter test (Program_ok) on ../../../nano-p4/testdata/positive/global-action.p4
Run success: ../../../nano-p4/testdata/positive/global-action.p4

>>> Running interpreter test (Program_ok) on ../../../nano-p4/testdata/positive/multi-state.p4
Run success: ../../../nano-p4/testdata/positive/multi-state.p4

>>> Running interpreter test (Program_ok) on ../../../nano-p4/testdata/positive/nanonet-ignore-flag.p4
Run success: ../../../nano-p4/testdata/positive/nanonet-ignore-flag.p4

>>> Running interpreter test (Program_ok) on ../../../nano-p4/testdata/positive/nanonet-src-dst-filter.p4
Run success: ../../../nano-p4/testdata/positive/nanonet-src-dst-filter.p4

>>> Running interpreter test (Program_ok) on ../../../nano-p4/testdata/positive/nanonet-type-dispatch.p4
Run success: ../../../nano-p4/testdata/positive/nanonet-type-dispatch.p4

>>> Running interpreter test (Program_ok) on ../../../nano-p4/testdata/positive/not-equal.p4
Run success: ../../../nano-p4/testdata/positive/not-equal.p4

>>> Running interpreter test (Program_ok) on ../../../nano-p4/testdata/positive/packet-type-filter.p4
Run success: ../../../nano-p4/testdata/positive/packet-type-filter.p4

>>> Running interpreter test (Program_ok) on ../../../nano-p4/testdata/positive/parser-assign-then-filter.p4
Run success: ../../../nano-p4/testdata/positive/parser-assign-then-filter.p4

>>> Running interpreter test (Program_ok) on ../../../nano-p4/testdata/positive/parser-local-var.p4
Run success: ../../../nano-p4/testdata/positive/parser-local-var.p4

>>> Running interpreter test (Program_ok) on ../../../nano-p4/testdata/positive/select-default.p4
Run success: ../../../nano-p4/testdata/positive/select-default.p4

>>> Running interpreter test (Program_ok) on ../../../nano-p4/testdata/positive/select-then-filter.p4
Run success: ../../../nano-p4/testdata/positive/select-then-filter.p4

>>> Running interpreter test (Program_ok) on ../../../nano-p4/testdata/positive/select-two-states.p4
Run success: ../../../nano-p4/testdata/positive/select-two-states.p4

>>> Running interpreter test (Program_ok) on ../../../nano-p4/testdata/positive/src-addr-filter.p4
Run success: ../../../nano-p4/testdata/positive/src-addr-filter.p4

>>> Running interpreter test (Program_ok) on ../../../nano-p4/testdata/positive/src-dst-check.p4
Run success: ../../../nano-p4/testdata/positive/src-dst-check.p4

>>> Running interpreter test (Program_ok) on ../../../nano-p4/testdata/positive/src-protocol-filter.p4
Run success: ../../../nano-p4/testdata/positive/src-protocol-filter.p4

>>> Running interpreter test (Program_ok) on ../../../nano-p4/testdata/positive/table-const-entries.p4
Run success: ../../../nano-p4/testdata/positive/table-const-entries.p4

>>> Running interpreter test (Program_ok) on ../../../nano-p4/testdata/positive/table-no-entries.p4
Run success: ../../../nano-p4/testdata/positive/table-no-entries.p4

>>> Running interpreter test (Program_ok) on ../../../nano-p4/testdata/positive/table-with-action-arg.p4
Run success: ../../../nano-p4/testdata/positive/table-with-action-arg.p4

Running interpreter test (Program_ok): [EXCLUDE] 0/32 (0.00%) [PASS] 32/32 (100.00%) [FAIL] 0/32 (0.00%) [PATCH] 0/32 (0.00%)

Running interpreter test (Program_ok): [PATCH]: [EXCLUDE] 0/0 (0.00%) [PASS] 0/0 (0.00%) [FAIL] 0/0 (0.00%)
