Running interpreter test (Program_ok) on 2 files


>>> Running interpreter test (Program_ok) on ../../../p4c/testdata/p4_16_errors/assign.p4
Error on run: ../../../p4c/testdata/p4_16_errors/assign.p4

>>> Running interpreter test (Program_ok) on ../../../p4c/testdata/p4_16_errors/decl-newtype-of-illformed-type.p4
Error on run: ../../../p4c/testdata/p4_16_errors/decl-newtype-of-illformed-type.p4

Running interpreter test (Program_ok): [EXCLUDE] 0/2 (0.00%) [PASS] 0/2 (0.00%) [FAIL] 2/2 (100.00%) [PATCH] 0/2 (0.00%)

Running interpreter test (Program_ok): [PATCH]: [EXCLUDE] 0/0 (0.00%) [PASS] 0/0 (0.00%) [FAIL] 0/0 (0.00%)
