Running interpreter test (Program_inst) on 3 files


>>> Running interpreter test (Program_inst) on ../../../p4c/testdata/p4_16_samples/action-bind.p4
Run success: ../../../p4c/testdata/p4_16_samples/action-bind.p4

>>> Running interpreter test (Program_inst) on ../../../p4c/testdata/p4_16_samples/action-synth.p4
Run success: ../../../p4c/testdata/p4_16_samples/action-synth.p4

>>> Running interpreter test (Program_inst) on ../../../p4c/testdata/p4_16_samples/xor_test.p4
Run success: ../../../p4c/testdata/p4_16_samples/xor_test.p4

Running interpreter test (Program_inst): [EXCLUDE] 0/3 (0.00%) [PASS] 3/3 (100.00%) [FAIL] 0/3 (0.00%) [PATCH] 0/3 (0.00%)

Running interpreter test (Program_inst): [PATCH]: [EXCLUDE] 0/0 (0.00%) [PASS] 0/0 (0.00%) [FAIL] 0/0 (0.00%)
