prose function documented_fn -> function_prose_documented_fn
latex function documented_fn -> function_latex_documented_fn
prose function external_title_fn -> function_prose_external_title_fn
latex function external_title_fn -> function_latex_external_title_fn
prose function builtin_title_fn -> function_prose_builtin_title_fn
latex function builtin_title_fn -> function_latex_builtin_title_fn
prose function prose_only_fn -> none
latex function prose_only_fn -> none
prose function external_full_fn -> none
latex function external_full_fn -> none
prose function missing_fn -> none
latex function missing_fn -> none
prose function absent_fn -> none
latex function absent_fn -> none
prose relation Documented_rel -> relation_prose_Documented_rel
latex relation Documented_rel -> none
prose relation Missing_rel -> none
latex relation Missing_rel -> relation_latex_Missing_rel
[prose-call-premise]
\begin{gathered}
\begin{array}{l}
{\definecolor{ellatexrulelabelbg}{rgb}{0.94,0.94,0.92}\fcolorbox{black}{ellatexrulelabelbg}{\scriptsize \texttt{Documented\_rel-prose\_call}}} \\
{\displaystyle \frac{{\mathsf{declaration}}^{\ast} = \mathrm{prose\_only\_fn}\left(\mathsf{p4program}\right)}{\mathsf{result}}}
\end{array}
\end{gathered}
